Archive member included to satisfy reference by file (symbol)

/home/tine/.eclipse/org.eclipse.platform_4.7.3_1473617060_linux_gtk_x86_64/plugins/fr.ac6.mcu.externaltools.arm-none.linux64_1.16.0.201807130628/tools/compiler/bin/../lib/gcc/arm-none-eabi/7.2.1/thumb/v7e-m/fpv4-sp/hard/libgcc.a(_aeabi_uldivmod.o)
                              Drivers/STM32F4xx_HAL_Driver/Src/stm32f4xx_hal_rcc.o (__aeabi_uldivmod)
/home/tine/.eclipse/org.eclipse.platform_4.7.3_1473617060_linux_gtk_x86_64/plugins/fr.ac6.mcu.externaltools.arm-none.linux64_1.16.0.201807130628/tools/compiler/bin/../lib/gcc/arm-none-eabi/7.2.1/thumb/v7e-m/fpv4-sp/hard/libgcc.a(_udivmoddi4.o)
                              /home/tine/.eclipse/org.eclipse.platform_4.7.3_1473617060_linux_gtk_x86_64/plugins/fr.ac6.mcu.externaltools.arm-none.linux64_1.16.0.201807130628/tools/compiler/bin/../lib/gcc/arm-none-eabi/7.2.1/thumb/v7e-m/fpv4-sp/hard/libgcc.a(_aeabi_uldivmod.o) (__udivmoddi4)
/home/tine/.eclipse/org.eclipse.platform_4.7.3_1473617060_linux_gtk_x86_64/plugins/fr.ac6.mcu.externaltools.arm-none.linux64_1.16.0.201807130628/tools/compiler/bin/../lib/gcc/arm-none-eabi/7.2.1/thumb/v7e-m/fpv4-sp/hard/libgcc.a(_dvmd_tls.o)
                              /home/tine/.eclipse/org.eclipse.platform_4.7.3_1473617060_linux_gtk_x86_64/plugins/fr.ac6.mcu.externaltools.arm-none.linux64_1.16.0.201807130628/tools/compiler/bin/../lib/gcc/arm-none-eabi/7.2.1/thumb/v7e-m/fpv4-sp/hard/libgcc.a(_aeabi_uldivmod.o) (__aeabi_ldiv0)
/home/tine/.eclipse/org.eclipse.platform_4.7.3_1473617060_linux_gtk_x86_64/plugins/fr.ac6.mcu.externaltools.arm-none.linux64_1.16.0.201807130628/tools/compiler/bin/../lib/gcc/arm-none-eabi/7.2.1/../../../../arm-none-eabi/lib/thumb/v7e-m/fpv4-sp/hard/libc_nano.a(lib_a-exit.o)
                              /home/tine/.eclipse/org.eclipse.platform_4.7.3_1473617060_linux_gtk_x86_64/plugins/fr.ac6.mcu.externaltools.arm-none.linux64_1.16.0.201807130628/tools/compiler/bin/../lib/gcc/arm-none-eabi/7.2.1/../../../../arm-none-eabi/lib/thumb/v7e-m/fpv4-sp/hard/crt0.o (exit)
/home/tine/.eclipse/org.eclipse.platform_4.7.3_1473617060_linux_gtk_x86_64/plugins/fr.ac6.mcu.externaltools.arm-none.linux64_1.16.0.201807130628/tools/compiler/bin/../lib/gcc/arm-none-eabi/7.2.1/../../../../arm-none-eabi/lib/thumb/v7e-m/fpv4-sp/hard/libc_nano.a(lib_a-impure.o)
                              /home/tine/.eclipse/org.eclipse.platform_4.7.3_1473617060_linux_gtk_x86_64/plugins/fr.ac6.mcu.externaltools.arm-none.linux64_1.16.0.201807130628/tools/compiler/bin/../lib/gcc/arm-none-eabi/7.2.1/../../../../arm-none-eabi/lib/thumb/v7e-m/fpv4-sp/hard/libc_nano.a(lib_a-exit.o) (_global_impure_ptr)
/home/tine/.eclipse/org.eclipse.platform_4.7.3_1473617060_linux_gtk_x86_64/plugins/fr.ac6.mcu.externaltools.arm-none.linux64_1.16.0.201807130628/tools/compiler/bin/../lib/gcc/arm-none-eabi/7.2.1/../../../../arm-none-eabi/lib/thumb/v7e-m/fpv4-sp/hard/libc_nano.a(lib_a-init.o)
                              /home/tine/.eclipse/org.eclipse.platform_4.7.3_1473617060_linux_gtk_x86_64/plugins/fr.ac6.mcu.externaltools.arm-none.linux64_1.16.0.201807130628/tools/compiler/bin/../lib/gcc/arm-none-eabi/7.2.1/../../../../arm-none-eabi/lib/thumb/v7e-m/fpv4-sp/hard/crt0.o (__libc_init_array)
/home/tine/.eclipse/org.eclipse.platform_4.7.3_1473617060_linux_gtk_x86_64/plugins/fr.ac6.mcu.externaltools.arm-none.linux64_1.16.0.201807130628/tools/compiler/bin/../lib/gcc/arm-none-eabi/7.2.1/../../../../arm-none-eabi/lib/thumb/v7e-m/fpv4-sp/hard/libc_nano.a(lib_a-memset.o)
                              /home/tine/.eclipse/org.eclipse.platform_4.7.3_1473617060_linux_gtk_x86_64/plugins/fr.ac6.mcu.externaltools.arm-none.linux64_1.16.0.201807130628/tools/compiler/bin/../lib/gcc/arm-none-eabi/7.2.1/../../../../arm-none-eabi/lib/thumb/v7e-m/fpv4-sp/hard/crt0.o (memset)
/home/tine/.eclipse/org.eclipse.platform_4.7.3_1473617060_linux_gtk_x86_64/plugins/fr.ac6.mcu.externaltools.arm-none.linux64_1.16.0.201807130628/tools/compiler/bin/../lib/gcc/arm-none-eabi/7.2.1/../../../../arm-none-eabi/lib/thumb/v7e-m/fpv4-sp/hard/libc_nano.a(lib_a-printf.o)
                              Src/main.o (printf)
/home/tine/.eclipse/org.eclipse.platform_4.7.3_1473617060_linux_gtk_x86_64/plugins/fr.ac6.mcu.externaltools.arm-none.linux64_1.16.0.201807130628/tools/compiler/bin/../lib/gcc/arm-none-eabi/7.2.1/../../../../arm-none-eabi/lib/thumb/v7e-m/fpv4-sp/hard/libc_nano.a(lib_a-findfp.o)
                              /home/tine/.eclipse/org.eclipse.platform_4.7.3_1473617060_linux_gtk_x86_64/plugins/fr.ac6.mcu.externaltools.arm-none.linux64_1.16.0.201807130628/tools/compiler/bin/../lib/gcc/arm-none-eabi/7.2.1/../../../../arm-none-eabi/lib/thumb/v7e-m/fpv4-sp/hard/libc_nano.a(lib_a-printf.o) (__sinit)
[...]
Memory Configuration

Name             Origin             Length             Attributes
RAM              0x0000000020000000 0x0000000000020000 xrw
CCMRAM           0x0000000010000000 0x0000000000010000 rw
FLASH            0x0000000008000000 0x0000000000100000 xr
*default*        0x0000000000000000 0xffffffffffffffff

Linker script and memory map

LOAD /home/tine/.eclipse/org.eclipse.platform_4.7.3_1473617060_linux_gtk_x86_64/plugins/fr.ac6.mcu.externaltools.arm-none.linux64_1.16.0.201807130628/tools/compiler/bin/../lib/gcc/arm-none-eabi/7.2.1/thumb/v7e-m/fpv4-sp/hard/crti.o
LOAD /home/tine/.eclipse/org.eclipse.platform_4.7.3_1473617060_linux_gtk_x86_64/plugins/fr.ac6.mcu.externaltools.arm-none.linux64_1.16.0.201807130628/tools/compiler/bin/../lib/gcc/arm-none-eabi/7.2.1/thumb/v7e-m/fpv4-sp/hard/crtbegin.o
LOAD /home/tine/.eclipse/org.eclipse.platform_4.7.3_1473617060_linux_gtk_x86_64/plugins/fr.ac6.mcu.externaltools.arm-none.linux64_1.16.0.201807130628/tools/compiler/bin/../lib/gcc/arm-none-eabi/7.2.1/../../../../arm-none-eabi/lib/thumb/v7e-m/fpv4-sp/hard/crt0.o
LOAD Drivers/STM32F4xx_HAL_Driver/Src/stm32f4xx_hal.o
LOAD Drivers/STM32F4xx_HAL_Driver/Src/stm32f4xx_hal_cortex.o
LOAD Drivers/STM32F4xx_HAL_Driver/Src/stm32f4xx_hal_dma.o
LOAD Drivers/STM32F4xx_HAL_Driver/Src/stm32f4xx_hal_dma_ex.o
LOAD Drivers/STM32F4xx_HAL_Driver/Src/stm32f4xx_hal_flash.o
LOAD Drivers/STM32F4xx_HAL_Driver/Src/stm32f4xx_hal_flash_ex.o
LOAD Drivers/STM32F4xx_HAL_Driver/Src/stm32f4xx_hal_flash_ramfunc.o
LOAD Drivers/STM32F4xx_HAL_Driver/Src/stm32f4xx_hal_gpio.o
LOAD Drivers/STM32F4xx_HAL_Driver/Src/stm32f4xx_hal_pwr.o
LOAD Drivers/STM32F4xx_HAL_Driver/Src/stm32f4xx_hal_pwr_ex.o
LOAD Drivers/STM32F4xx_HAL_Driver/Src/stm32f4xx_hal_rcc.o
LOAD Drivers/STM32F4xx_HAL_Driver/Src/stm32f4xx_hal_rcc_ex.o
LOAD Drivers/STM32F4xx_HAL_Driver/Src/stm32f4xx_hal_tim.o
LOAD Drivers/STM32F4xx_HAL_Driver/Src/stm32f4xx_hal_tim_ex.o
LOAD Src/main.o
LOAD Src/stm32f4xx_hal_msp.o
LOAD Src/stm32f4xx_it.o
LOAD Src/system_stm32f4xx.o
LOAD startup/startup_stm32f407xx.o
LOAD /home/tine/.eclipse/org.eclipse.platform_4.7.3_1473617060_linux_gtk_x86_64/plugins/fr.ac6.mcu.externaltools.arm-none.linux64_1.16.0.201807130628/tools/compiler/bin/../lib/gcc/arm-none-eabi/7.2.1/../../../../arm-none-eabi/lib/thumb/v7e-m/fpv4-sp/hard/libm.a
START GROUP
LOAD /home/tine/.eclipse/org.eclipse.platform_4.7.3_1473617060_linux_gtk_x86_64/plugins/fr.ac6.mcu.externaltools.arm-none.linux64_1.16.0.201807130628/tools/compiler/bin/../lib/gcc/arm-none-eabi/7.2.1/thumb/v7e-m/fpv4-sp/hard/libgcc.a
LOAD /home/tine/.eclipse/org.eclipse.platform_4.7.3_1473617060_linux_gtk_x86_64/plugins/fr.ac6.mcu.externaltools.arm-none.linux64_1.16.0.201807130628/tools/compiler/bin/../lib/gcc/arm-none-eabi/7.2.1/../../../../arm-none-eabi/lib/thumb/v7e-m/fpv4-sp/hard/libc_nano.a
END GROUP
START GROUP
LOAD /home/tine/.eclipse/org.eclipse.platform_4.7.3_1473617060_linux_gtk_x86_64/plugins/fr.ac6.mcu.externaltools.arm-none.linux64_1.16.0.201807130628/tools/compiler/bin/../lib/gcc/arm-none-eabi/7.2.1/thumb/v7e-m/fpv4-sp/hard/libgcc.a
LOAD /home/tine/.eclipse/org.eclipse.platform_4.7.3_1473617060_linux_gtk_x86_64/plugins/fr.ac6.mcu.externaltools.arm-none.linux64_1.16.0.201807130628/tools/compiler/bin/../lib/gcc/arm-none-eabi/7.2.1/../../../../arm-none-eabi/lib/thumb/v7e-m/fpv4-sp/hard/libc_nano.a
LOAD /home/tine/.eclipse/org.eclipse.platform_4.7.3_1473617060_linux_gtk_x86_64/plugins/fr.ac6.mcu.externaltools.arm-none.linux64_1.16.0.201807130628/tools/compiler/bin/../lib/gcc/arm-none-eabi/7.2.1/../../../../arm-none-eabi/lib/thumb/v7e-m/fpv4-sp/hard/libnosys.a
END GROUP
START GROUP
LOAD /home/tine/.eclipse/org.eclipse.platform_4.7.3_1473617060_linux_gtk_x86_64/plugins/fr.ac6.mcu.externaltools.arm-none.linux64_1.16.0.201807130628/tools/compiler/bin/../lib/gcc/arm-none-eabi/7.2.1/thumb/v7e-m/fpv4-sp/hard/libgcc.a
LOAD /home/tine/.eclipse/org.eclipse.platform_4.7.3_1473617060_linux_gtk_x86_64/plugins/fr.ac6.mcu.externaltools.arm-none.linux64_1.16.0.201807130628/tools/compiler/bin/../lib/gcc/arm-none-eabi/7.2.1/../../../../arm-none-eabi/lib/thumb/v7e-m/fpv4-sp/hard/libc_nano.a
LOAD /home/tine/.eclipse/org.eclipse.platform_4.7.3_1473617060_linux_gtk_x86_64/plugins/fr.ac6.mcu.externaltools.arm-none.linux64_1.16.0.201807130628/tools/compiler/bin/../lib/gcc/arm-none-eabi/7.2.1/../../../../arm-none-eabi/lib/thumb/v7e-m/fpv4-sp/hard/libnosys.a
END GROUP
LOAD /home/tine/.eclipse/org.eclipse.platform_4.7.3_1473617060_linux_gtk_x86_64/plugins/fr.ac6.mcu.externaltools.arm-none.linux64_1.16.0.201807130628/tools/compiler/bin/../lib/gcc/arm-none-eabi/7.2.1/thumb/v7e-m/fpv4-sp/hard/crtend.o
LOAD /home/tine/.eclipse/org.eclipse.platform_4.7.3_1473617060_linux_gtk_x86_64/plugins/fr.ac6.mcu.externaltools.arm-none.linux64_1.16.0.201807130628/tools/compiler/bin/../lib/gcc/arm-none-eabi/7.2.1/thumb/v7e-m/fpv4-sp/hard/crtn.o
                0x0000000020020000                _estack = 0x20020000
                0x0000000000000200                _Min_Heap_Size = 0x200
                0x0000000000000400                _Min_Stack_Size = 0x400

.isr_vector     0x0000000008000000      0x188
                0x0000000008000000                . = ALIGN (0x4)
 *(.isr_vector)
 .isr_vector    0x0000000008000000      0x188 startup/startup_stm32f407xx.o
                0x0000000008000000                g_pfnVectors
                0x0000000008000188                . = ALIGN (0x4)

.text           0x0000000008000190     0x23f8
                0x0000000008000190                . = ALIGN (0x4)
 *(.text)
 .text          0x0000000008000190       0x40 /home/tine/.eclipse/org.eclipse.platform_4.7.3_1473617060_linux_gtk_x86_64/plugins/fr.ac6.mcu.externaltools.arm-none.linux64_1.16.0.201807130628/tools/compiler/bin/../lib/gcc/arm-none-eabi/7.2.1/thumb/v7e-m/fpv4-sp/hard/crtbegin.o
 .text          0x00000000080001d0       0x30 /home/tine/.eclipse/org.eclipse.platform_4.7.3_1473617060_linux_gtk_x86_64/plugins/fr.ac6.mcu.externaltools.arm-none.linux64_1.16.0.201807130628/tools/compiler/bin/../lib/gcc/arm-none-eabi/7.2.1/thumb/v7e-m/fpv4-sp/hard/libgcc.a(_aeabi_uldivmod.o)
                0x00000000080001d0                __aeabi_uldivmod
 .text          0x0000000008000200      0x2cc /home/tine/.eclipse/org.eclipse.platform_4.7.3_1473617060_linux_gtk_x86_64/plugins/fr.ac6.mcu.externaltools.arm-none.linux64_1.16.0.201807130628/tools/compiler/bin/../lib/gcc/arm-none-eabi/7.2.1/thumb/v7e-m/fpv4-sp/hard/libgcc.a(_udivmoddi4.o)
                0x0000000008000200                __udivmoddi4
 .text          0x00000000080004cc        0x4 /home/tine/.eclipse/org.eclipse.platform_4.7.3_1473617060_linux_gtk_x86_64/plugins/fr.ac6.mcu.externaltools.arm-none.linux64_1.16.0.201807130628/tools/compiler/bin/../lib/gcc/arm-none-eabi/7.2.1/thumb/v7e-m/fpv4-sp/hard/libgcc.a(_dvmd_tls.o)
                0x00000000080004cc                __aeabi_ldiv0
                0x00000000080004cc                __aeabi_idiv0
 .text          0x00000000080004d0       0xa0 /home/tine/.eclipse/org.eclipse.platform_4.7.3_1473617060_linux_gtk_x86_64/plugins/fr.ac6.mcu.externaltools.arm-none.linux64_1.16.0.201807130628/tools/compiler/bin/../lib/gcc/arm-none-eabi/7.2.1/../../../../arm-none-eabi/lib/thumb/v7e-m/fpv4-sp/hard/libc_nano.a(lib_a-memchr.o)
                0x00000000080004d0                memchr
 *(.text*)
 .text.HAL_InitTick
                0x0000000008000570       0x48 Drivers/STM32F4xx_HAL_Driver/Src/stm32f4xx_hal.o
                0x0000000008000570                HAL_InitTick
 .text.HAL_Init
                0x00000000080005b8       0x34 Drivers/STM32F4xx_HAL_Driver/Src/stm32f4xx_hal.o
                0x00000000080005b8                HAL_Init
 .text.HAL_IncTick
                0x00000000080005ec       0x18 Drivers/STM32F4xx_HAL_Driver/Src/stm32f4xx_hal.o
                0x00000000080005ec                HAL_IncTick
 .text.HAL_GetTick
                0x0000000008000604        0xc Drivers/STM32F4xx_HAL_Driver/Src/stm32f4xx_hal.o
                0x0000000008000604                HAL_GetTick
 .text.HAL_Delay
                0x0000000008000610       0x28 Drivers/STM32F4xx_HAL_Driver/Src/stm32f4xx_hal.o
                0x0000000008000610                HAL_Delay
 .text.HAL_NVIC_SetPriorityGrouping
                0x0000000008000638       0x3c Drivers/STM32F4xx_HAL_Driver/Src/stm32f4xx_hal_cortex.o
                0x0000000008000638                HAL_NVIC_SetPriorityGrouping
 .text.HAL_NVIC_SetPriority
                0x0000000008000674       0x8c Drivers/STM32F4xx_HAL_Driver/Src/stm32f4xx_hal_cortex.o
                0x0000000008000674                HAL_NVIC_SetPriority
 .text.HAL_SYSTICK_Config
                0x0000000008000700       0x2c Drivers/STM32F4xx_HAL_Driver/Src/stm32f4xx_hal_cortex.o
                0x0000000008000700                HAL_SYSTICK_Config
 .text.HAL_SYSTICK_CLKSourceConfig
                0x000000000800072c       0x3c Drivers/STM32F4xx_HAL_Driver/Src/stm32f4xx_hal_cortex.o
                0x000000000800072c                HAL_SYSTICK_CLKSourceConfig
 .text.HAL_SYSTICK_Callback
                0x0000000008000768        0x2 Drivers/STM32F4xx_HAL_Driver/Src/stm32f4xx_hal_cortex.o
                0x0000000008000768                HAL_SYSTICK_Callback
 .text.HAL_SYSTICK_IRQHandler
                0x000000000800076a        0x8 Drivers/STM32F4xx_HAL_Driver/Src/stm32f4xx_hal_cortex.o
                0x000000000800076a                HAL_SYSTICK_IRQHandler
 *fill*         0x0000000008000772        0x2 
 .text.HAL_GPIO_Init
                0x0000000008000774      0x2fc Drivers/STM32F4xx_HAL_Driver/Src/stm32f4xx_hal_gpio.o
                0x0000000008000774                HAL_GPIO_Init
 .text.HAL_GPIO_WritePin
                0x0000000008000a70       0x38 Drivers/STM32F4xx_HAL_Driver/Src/stm32f4xx_hal_gpio.o
                0x0000000008000a70                HAL_GPIO_WritePin
 .text.HAL_GPIO_TogglePin
                0x0000000008000aa8       0x20 Drivers/STM32F4xx_HAL_Driver/Src/stm32f4xx_hal_gpio.o
                0x0000000008000aa8                HAL_GPIO_TogglePin
 .text.HAL_RCC_OscConfig
                0x0000000008000ac8      0x4a0 Drivers/STM32F4xx_HAL_Driver/Src/stm32f4xx_hal_rcc.o
                0x0000000008000ac8                HAL_RCC_OscConfig
 .text.HAL_RCC_GetSysClockFreq
                0x0000000008000f68       0xd8 Drivers/STM32F4xx_HAL_Driver/Src/stm32f4xx_hal_rcc.o
                0x0000000008000f68                HAL_RCC_GetSysClockFreq
 .text.HAL_RCC_ClockConfig
                0x0000000008001040      0x214 Drivers/STM32F4xx_HAL_Driver/Src/stm32f4xx_hal_rcc.o
                0x0000000008001040                HAL_RCC_ClockConfig
 .text.HAL_RCC_GetHCLKFreq
                0x0000000008001254        0xc Drivers/STM32F4xx_HAL_Driver/Src/stm32f4xx_hal_rcc.o
                0x0000000008001254                HAL_RCC_GetHCLKFreq
 .text.MX_GPIO_Init
                0x0000000008001260      0x204 Src/main.o
 .text.configureLEDpins
                0x0000000008001464       0x24 Src/main.o
                0x0000000008001464                configureLEDpins
 .text._Error_Handler
                0x0000000008001488        0x2 Src/main.o
                0x0000000008001488                _Error_Handler
 *fill*         0x000000000800148a        0x2 
 .text.SystemClock_Config
                0x000000000800148c       0xc4 Src/main.o
                0x000000000800148c                SystemClock_Config
 .text.main     0x0000000008001550       0x34 Src/main.o
                0x0000000008001550                main
 .text.assert_failed
                0x0000000008001584        0x2 Src/main.o
                0x0000000008001584                assert_failed
 *fill*         0x0000000008001586        0x2 
 .text.HAL_MspInit
                0x0000000008001588       0x94 Src/stm32f4xx_hal_msp.o
                0x0000000008001588                HAL_MspInit
 .text.NMI_Handler
                0x000000000800161c        0x2 Src/stm32f4xx_it.o
                0x000000000800161c                NMI_Handler
 .text.HardFault_Handler
                0x000000000800161e        0x2 Src/stm32f4xx_it.o
                0x000000000800161e                HardFault_Handler
 .text.MemManage_Handler
                0x0000000008001620        0x2 Src/stm32f4xx_it.o
                0x0000000008001620                MemManage_Handler
 .text.BusFault_Handler
                0x0000000008001622        0x2 Src/stm32f4xx_it.o
                0x0000000008001622                BusFault_Handler
 .text.UsageFault_Handler
                0x0000000008001624        0x2 Src/stm32f4xx_it.o
                0x0000000008001624                UsageFault_Handler
 .text.SVC_Handler
                0x0000000008001626        0x2 Src/stm32f4xx_it.o
                0x0000000008001626                SVC_Handler
 .text.DebugMon_Handler
                0x0000000008001628        0x2 Src/stm32f4xx_it.o
                0x0000000008001628                DebugMon_Handler
 .text.PendSV_Handler
                0x000000000800162a        0x2 Src/stm32f4xx_it.o
                0x000000000800162a                PendSV_Handler
 .text.SysTick_Handler
                0x000000000800162c        0xc Src/stm32f4xx_it.o
                0x000000000800162c                SysTick_Handler
 .text.SystemInit
                0x0000000008001638       0x4c Src/system_stm32f4xx.o
                0x0000000008001638                SystemInit
 .text.Reset_Handler
                0x0000000008001684       0x50 startup/startup_stm32f407xx.o
                0x0000000008001684                Reset_Handler
 .text.Default_Handler
                0x00000000080016d4        0x2 startup/startup_stm32f407xx.o
                0x00000000080016d4                RTC_Alarm_IRQHandler
                0x00000000080016d4                HASH_RNG_IRQHandler
                0x00000000080016d4                EXTI2_IRQHandler
                0x00000000080016d4                TIM8_CC_IRQHandler
                0x00000000080016d4                TIM1_CC_IRQHandler
                0x00000000080016d4                DMA2_Stream5_IRQHandler
                0x00000000080016d4                DMA1_Stream5_IRQHandler
                0x00000000080016d4                PVD_IRQHandler
                0x00000000080016d4                SDIO_IRQHandler
                0x00000000080016d4                TAMP_STAMP_IRQHandler
                0x00000000080016d4                CAN2_RX1_IRQHandler
                0x00000000080016d4                EXTI3_IRQHandler
                0x00000000080016d4                TIM8_TRG_COM_TIM14_IRQHandler
                0x00000000080016d4                TIM1_UP_TIM10_IRQHandler
                0x00000000080016d4                TIM8_UP_TIM13_IRQHandler
                0x00000000080016d4                I2C3_ER_IRQHandler
                0x00000000080016d4                EXTI0_IRQHandler
                0x00000000080016d4                I2C2_EV_IRQHandler
                0x00000000080016d4                DMA1_Stream2_IRQHandler
                0x00000000080016d4                CAN1_RX0_IRQHandler
                0x00000000080016d4                FPU_IRQHandler
                0x00000000080016d4                OTG_HS_WKUP_IRQHandler
                0x00000000080016d4                CAN2_SCE_IRQHandler
                0x00000000080016d4                DMA2_Stream2_IRQHandler
                0x00000000080016d4                SPI1_IRQHandler
                0x00000000080016d4                TIM6_DAC_IRQHandler
                0x00000000080016d4                TIM1_BRK_TIM9_IRQHandler
                0x00000000080016d4                DCMI_IRQHandler
                0x00000000080016d4                CAN2_RX0_IRQHandler
                0x00000000080016d4                DMA2_Stream3_IRQHandler
                0x00000000080016d4                USART6_IRQHandler
                0x00000000080016d4                USART3_IRQHandler
                0x00000000080016d4                CAN1_RX1_IRQHandler
                0x00000000080016d4                UART5_IRQHandler
                0x00000000080016d4                DMA2_Stream0_IRQHandler
                0x00000000080016d4                TIM4_IRQHandler
                0x00000000080016d4                I2C1_EV_IRQHandler
                0x00000000080016d4                DMA1_Stream6_IRQHandler
                0x00000000080016d4                DMA1_Stream1_IRQHandler
                0x00000000080016d4                UART4_IRQHandler
                0x00000000080016d4                TIM3_IRQHandler
                0x00000000080016d4                RCC_IRQHandler
                0x00000000080016d4                TIM8_BRK_TIM12_IRQHandler
                0x00000000080016d4                Default_Handler
                0x00000000080016d4                EXTI15_10_IRQHandler
                0x00000000080016d4                ADC_IRQHandler
                0x00000000080016d4                DMA1_Stream7_IRQHandler
                0x00000000080016d4                TIM7_IRQHandler
                0x00000000080016d4                CAN2_TX_IRQHandler
                0x00000000080016d4                TIM5_IRQHandler
                0x00000000080016d4                DMA2_Stream7_IRQHandler
                0x00000000080016d4                I2C3_EV_IRQHandler
                0x00000000080016d4                EXTI9_5_IRQHandler
                0x00000000080016d4                RTC_WKUP_IRQHandler
                0x00000000080016d4                ETH_WKUP_IRQHandler
                0x00000000080016d4                SPI2_IRQHandler
                0x00000000080016d4                OTG_HS_EP1_IN_IRQHandler
                0x00000000080016d4                DMA1_Stream0_IRQHandler
                0x00000000080016d4                CAN1_TX_IRQHandler
                0x00000000080016d4                EXTI4_IRQHandler
                0x00000000080016d4                FSMC_IRQHandler
                0x00000000080016d4                ETH_IRQHandler
                0x00000000080016d4                OTG_HS_EP1_OUT_IRQHandler
                0x00000000080016d4                WWDG_IRQHandler
                0x00000000080016d4                TIM2_IRQHandler
                0x00000000080016d4                OTG_FS_WKUP_IRQHandler
                0x00000000080016d4                TIM1_TRG_COM_TIM11_IRQHandler
                0x00000000080016d4                OTG_HS_IRQHandler
                0x00000000080016d4                EXTI1_IRQHandler
                0x00000000080016d4                USART2_IRQHandler
                0x00000000080016d4                I2C2_ER_IRQHandler
                0x00000000080016d4                DMA2_Stream1_IRQHandler
                0x00000000080016d4                CAN1_SCE_IRQHandler
                0x00000000080016d4                FLASH_IRQHandler
                0x00000000080016d4                DMA2_Stream4_IRQHandler
                0x00000000080016d4                USART1_IRQHandler
                0x00000000080016d4                OTG_FS_IRQHandler
                0x00000000080016d4                SPI3_IRQHandler
                0x00000000080016d4                DMA1_Stream4_IRQHandler
                0x00000000080016d4                I2C1_ER_IRQHandler
                0x00000000080016d4                DMA2_Stream6_IRQHandler
                0x00000000080016d4                DMA1_Stream3_IRQHandler
 *fill*         0x00000000080016d6        0x2 
 .text.__libc_init_array
                0x00000000080016d8       0x48 /home/tine/.eclipse/org.eclipse.platform_4.7.3_1473617060_linux_gtk_x86_64/plugins/fr.ac6.mcu.externaltools.arm-none.linux64_1.16.0.201807130628/tools/compiler/bin/../lib/gcc/arm-none-eabi/7.2.1/../../../../arm-none-eabi/lib/thumb/v7e-m/fpv4-sp/hard/libc_nano.a(lib_a-init.o)
                0x00000000080016d8                __libc_init_array
 .text.memset   0x0000000008001720       0x10 /home/tine/.eclipse/org.eclipse.platform_4.7.3_1473617060_linux_gtk_x86_64/plugins/fr.ac6.mcu.externaltools.arm-none.linux64_1.16.0.201807130628/tools/compiler/bin/../lib/gcc/arm-none-eabi/7.2.1/../../../../arm-none-eabi/lib/thumb/v7e-m/fpv4-sp/hard/libc_nano.a(lib_a-memset.o)
                0x0000000008001720                memset
 .text.printf   0x0000000008001730       0x30 /home/tine/.eclipse/org.eclipse.platform_4.7.3_1473617060_linux_gtk_x86_64/plugins/fr.ac6.mcu.externaltools.arm-none.linux64_1.16.0.201807130628/tools/compiler/bin/../lib/gcc/arm-none-eabi/7.2.1/../../../../arm-none-eabi/lib/thumb/v7e-m/fpv4-sp/hard/libc_nano.a(lib_a-printf.o)
                0x0000000008001730                printf
                0x0000000008001730                iprintf
 .text.std      0x0000000008001760       0x48 /home/tine/.eclipse/org.eclipse.platform_4.7.3_1473617060_linux_gtk_x86_64/plugins/fr.ac6.mcu.externaltools.arm-none.linux64_1.16.0.201807130628/tools/compiler/bin/../lib/gcc/arm-none-eabi/7.2.1/../../../../arm-none-eabi/lib/thumb/v7e-m/fpv4-sp/hard/libc_nano.a(lib_a-findfp.o)
 .text._cleanup_r
                0x00000000080017a8        0xc /home/tine/.eclipse/org.eclipse.platform_4.7.3_1473617060_linux_gtk_x86_64/plugins/fr.ac6.mcu.externaltools.arm-none.linux64_1.16.0.201807130628/tools/compiler/bin/../lib/gcc/arm-none-eabi/7.2.1/../../../../arm-none-eabi/lib/thumb/v7e-m/fpv4-sp/hard/libc_nano.a(lib_a-findfp.o)
                0x00000000080017a8                _cleanup_r
 .text.__sfmoreglue
                0x00000000080017b4       0x2c /home/tine/.eclipse/org.eclipse.platform_4.7.3_1473617060_linux_gtk_x86_64/plugins/fr.ac6.mcu.externaltools.arm-none.linux64_1.16.0.201807130628/tools/compiler/bin/../lib/gcc/arm-none-eabi/7.2.1/../../../../arm-none-eabi/lib/thumb/v7e-m/fpv4-sp/hard/libc_nano.a(lib_a-findfp.o)
                0x00000000080017b4                __sfmoreglue
 .text.__sinit  0x00000000080017e0       0x60 /home/tine/.eclipse/org.eclipse.platform_4.7.3_1473617060_linux_gtk_x86_64/plugins/fr.ac6.mcu.externaltools.arm-none.linux64_1.16.0.201807130628/tools/compiler/bin/../lib/gcc/arm-none-eabi/7.2.1/../../../../arm-none-eabi/lib/thumb/v7e-m/fpv4-sp/hard/libc_nano.a(lib_a-findfp.o)
                0x00000000080017e0                __sinit
 .text.__sfp    0x0000000008001840       0x78 /home/tine/.eclipse/org.eclipse.platform_4.7.3_1473617060_linux_gtk_x86_64/plugins/fr.ac6.mcu.externaltools.arm-none.linux64_1.16.0.201807130628/tools/compiler/bin/../lib/gcc/arm-none-eabi/7.2.1/../../../../arm-none-eabi/lib/thumb/v7e-m/fpv4-sp/hard/libc_nano.a(lib_a-findfp.o)
                0x0000000008001840                __sfp
 .text._fwalk_reent
                0x00000000080018b8       0x3c /home/tine/.eclipse/org.eclipse.platform_4.7.3_1473617060_linux_gtk_x86_64/plugins/fr.ac6.mcu.externaltools.arm-none.linux64_1.16.0.201807130628/tools/compiler/bin/../lib/gcc/arm-none-eabi/7.2.1/../../../../arm-none-eabi/lib/thumb/v7e-m/fpv4-sp/hard/libc_nano.a(lib_a-fwalk.o)
                0x00000000080018b8                _fwalk_reent
 .text._malloc_r
                0x00000000080018f4       0xb4 /home/tine/.eclipse/org.eclipse.platform_4.7.3_1473617060_linux_gtk_x86_64/plugins/fr.ac6.mcu.externaltools.arm-none.linux64_1.16.0.201807130628/tools/compiler/bin/../lib/gcc/arm-none-eabi/7.2.1/../../../../arm-none-eabi/lib/thumb/v7e-m/fpv4-sp/hard/libc_nano.a(lib_a-nano-mallocr.o)
                0x00000000080018f4                _malloc_r
 .text.__sfputc_r
                0x00000000080019a8       0x2e /home/tine/.eclipse/org.eclipse.platform_4.7.3_1473617060_linux_gtk_x86_64/plugins/fr.ac6.mcu.externaltools.arm-none.linux64_1.16.0.201807130628/tools/compiler/bin/../lib/gcc/arm-none-eabi/7.2.1/../../../../arm-none-eabi/lib/thumb/v7e-m/fpv4-sp/hard/libc_nano.a(lib_a-nano-vfprintf.o)
 .text.__sfputs_r
                0x00000000080019d6       0x24 /home/tine/.eclipse/org.eclipse.platform_4.7.3_1473617060_linux_gtk_x86_64/plugins/fr.ac6.mcu.externaltools.arm-none.linux64_1.16.0.201807130628/tools/compiler/bin/../lib/gcc/arm-none-eabi/7.2.1/../../../../arm-none-eabi/lib/thumb/v7e-m/fpv4-sp/hard/libc_nano.a(lib_a-nano-vfprintf.o)
                0x00000000080019d6                __sfputs_r
 *fill*         0x00000000080019fa        0x2 
 .text._vfprintf_r
                0x00000000080019fc      0x228 /home/tine/.eclipse/org.eclipse.platform_4.7.3_1473617060_linux_gtk_x86_64/plugins/fr.ac6.mcu.externaltools.arm-none.linux64_1.16.0.201807130628/tools/compiler/bin/../lib/gcc/arm-none-eabi/7.2.1/../../../../arm-none-eabi/lib/thumb/v7e-m/fpv4-sp/hard/libc_nano.a(lib_a-nano-vfprintf.o)
                0x00000000080019fc                _vfiprintf_r
                0x00000000080019fc                _vfprintf_r
 .text._printf_common
                0x0000000008001c24       0xea /home/tine/.eclipse/org.eclipse.platform_4.7.3_1473617060_linux_gtk_x86_64/plugins/fr.ac6.mcu.externaltools.arm-none.linux64_1.16.0.201807130628/tools/compiler/bin/../lib/gcc/arm-none-eabi/7.2.1/../../../../arm-none-eabi/lib/thumb/v7e-m/fpv4-sp/hard/libc_nano.a(lib_a-nano-vfprintf_i.o)
                0x0000000008001c24                _printf_common
 *fill*         0x0000000008001d0e        0x2 
 .text._printf_i
                0x0000000008001d10      0x224 /home/tine/.eclipse/org.eclipse.platform_4.7.3_1473617060_linux_gtk_x86_64/plugins/fr.ac6.mcu.externaltools.arm-none.linux64_1.16.0.201807130628/tools/compiler/bin/../lib/gcc/arm-none-eabi/7.2.1/../../../../arm-none-eabi/lib/thumb/v7e-m/fpv4-sp/hard/libc_nano.a(lib_a-nano-vfprintf_i.o)
                0x0000000008001d10                _printf_i
 .text._sbrk_r  0x0000000008001f34       0x20 /home/tine/.eclipse/org.eclipse.platform_4.7.3_1473617060_linux_gtk_x86_64/plugins/fr.ac6.mcu.externaltools.arm-none.linux64_1.16.0.201807130628/tools/compiler/bin/../lib/gcc/arm-none-eabi/7.2.1/../../../../arm-none-eabi/lib/thumb/v7e-m/fpv4-sp/hard/libc_nano.a(lib_a-sbrkr.o)
                0x0000000008001f34                _sbrk_r
 .text.__sread  0x0000000008001f54       0x22 /home/tine/.eclipse/org.eclipse.platform_4.7.3_1473617060_linux_gtk_x86_64/plugins/fr.ac6.mcu.externaltools.arm-none.linux64_1.16.0.201807130628/tools/compiler/bin/../lib/gcc/arm-none-eabi/7.2.1/../../../../arm-none-eabi/lib/thumb/v7e-m/fpv4-sp/hard/libc_nano.a(lib_a-stdio.o)
                0x0000000008001f54                __sread
 .text.__swrite
                0x0000000008001f76       0x38 /home/tine/.eclipse/org.eclipse.platform_4.7.3_1473617060_linux_gtk_x86_64/plugins/fr.ac6.mcu.externaltools.arm-none.linux64_1.16.0.201807130628/tools/compiler/bin/../lib/gcc/arm-none-eabi/7.2.1/../../../../arm-none-eabi/lib/thumb/v7e-m/fpv4-sp/hard/libc_nano.a(lib_a-stdio.o)
                0x0000000008001f76                __swrite
 .text.__sseek  0x0000000008001fae       0x24 /home/tine/.eclipse/org.eclipse.platform_4.7.3_1473617060_linux_gtk_x86_64/plugins/fr.ac6.mcu.externaltools.arm-none.linux64_1.16.0.201807130628/tools/compiler/bin/../lib/gcc/arm-none-eabi/7.2.1/../../../../arm-none-eabi/lib/thumb/v7e-m/fpv4-sp/hard/libc_nano.a(lib_a-stdio.o)
                0x0000000008001fae                __sseek
 .text.__sclose
                0x0000000008001fd2        0x8 /home/tine/.eclipse/org.eclipse.platform_4.7.3_1473617060_linux_gtk_x86_64/plugins/fr.ac6.mcu.externaltools.arm-none.linux64_1.16.0.201807130628/tools/compiler/bin/../lib/gcc/arm-none-eabi/7.2.1/../../../../arm-none-eabi/lib/thumb/v7e-m/fpv4-sp/hard/libc_nano.a(lib_a-stdio.o)
                0x0000000008001fd2                __sclose
 *fill*         0x0000000008001fda        0x2 
 .text.__swbuf_r
                0x0000000008001fdc       0xa4 /home/tine/.eclipse/org.eclipse.platform_4.7.3_1473617060_linux_gtk_x86_64/plugins/fr.ac6.mcu.externaltools.arm-none.linux64_1.16.0.201807130628/tools/compiler/bin/../lib/gcc/arm-none-eabi/7.2.1/../../../../arm-none-eabi/lib/thumb/v7e-m/fpv4-sp/hard/libc_nano.a(lib_a-wbuf.o)
                0x0000000008001fdc                __swbuf_r
 .text._write_r
                0x0000000008002080       0x24 /home/tine/.eclipse/org.eclipse.platform_4.7.3_1473617060_linux_gtk_x86_64/plugins/fr.ac6.mcu.externaltools.arm-none.linux64_1.16.0.201807130628/tools/compiler/bin/../lib/gcc/arm-none-eabi/7.2.1/../../../../arm-none-eabi/lib/thumb/v7e-m/fpv4-sp/hard/libc_nano.a(lib_a-writer.o)
                0x0000000008002080                _write_r
 .text.__swsetup_r
                0x00000000080020a4       0xdc /home/tine/.eclipse/org.eclipse.platform_4.7.3_1473617060_linux_gtk_x86_64/plugins/fr.ac6.mcu.externaltools.arm-none.linux64_1.16.0.201807130628/tools/compiler/bin/../lib/gcc/arm-none-eabi/7.2.1/../../../../arm-none-eabi/lib/thumb/v7e-m/fpv4-sp/hard/libc_nano.a(lib_a-wsetup.o)
                0x00000000080020a4                __swsetup_r
 .text._close_r
                0x0000000008002180       0x20 /home/tine/.eclipse/org.eclipse.platform_4.7.3_1473617060_linux_gtk_x86_64/plugins/fr.ac6.mcu.externaltools.arm-none.linux64_1.16.0.201807130628/tools/compiler/bin/../lib/gcc/arm-none-eabi/7.2.1/../../../../arm-none-eabi/lib/thumb/v7e-m/fpv4-sp/hard/libc_nano.a(lib_a-closer.o)
                0x0000000008002180                _close_r
 .text.__sflush_r
                0x00000000080021a0      0x10c /home/tine/.eclipse/org.eclipse.platform_4.7.3_1473617060_linux_gtk_x86_64/plugins/fr.ac6.mcu.externaltools.arm-none.linux64_1.16.0.201807130628/tools/compiler/bin/../lib/gcc/arm-none-eabi/7.2.1/../../../../arm-none-eabi/lib/thumb/v7e-m/fpv4-sp/hard/libc_nano.a(lib_a-fflush.o)
                0x00000000080021a0                __sflush_r
 .text._fflush_r
                0x00000000080022ac       0x54 /home/tine/.eclipse/org.eclipse.platform_4.7.3_1473617060_linux_gtk_x86_64/plugins/fr.ac6.mcu.externaltools.arm-none.linux64_1.16.0.201807130628/tools/compiler/bin/../lib/gcc/arm-none-eabi/7.2.1/../../../../arm-none-eabi/lib/thumb/v7e-m/fpv4-sp/hard/libc_nano.a(lib_a-fflush.o)
                0x00000000080022ac                _fflush_r
 .text._lseek_r
                0x0000000008002300       0x24 /home/tine/.eclipse/org.eclipse.platform_4.7.3_1473617060_linux_gtk_x86_64/plugins/fr.ac6.mcu.externaltools.arm-none.linux64_1.16.0.201807130628/tools/compiler/bin/../lib/gcc/arm-none-eabi/7.2.1/../../../../arm-none-eabi/lib/thumb/v7e-m/fpv4-sp/hard/libc_nano.a(lib_a-lseekr.o)
                0x0000000008002300                _lseek_r
 .text.__swhatbuf_r
                0x0000000008002324       0x48 /home/tine/.eclipse/org.eclipse.platform_4.7.3_1473617060_linux_gtk_x86_64/plugins/fr.ac6.mcu.externaltools.arm-none.linux64_1.16.0.201807130628/tools/compiler/bin/../lib/gcc/arm-none-eabi/7.2.1/../../../../arm-none-eabi/lib/thumb/v7e-m/fpv4-sp/hard/libc_nano.a(lib_a-makebuf.o)
                0x0000000008002324                __swhatbuf_r
 .text.__smakebuf_r
                0x000000000800236c       0x80 /home/tine/.eclipse/org.eclipse.platform_4.7.3_1473617060_linux_gtk_x86_64/plugins/fr.ac6.mcu.externaltools.arm-none.linux64_1.16.0.201807130628/tools/compiler/bin/../lib/gcc/arm-none-eabi/7.2.1/../../../../arm-none-eabi/lib/thumb/v7e-m/fpv4-sp/hard/libc_nano.a(lib_a-makebuf.o)
                0x000000000800236c                __smakebuf_r
 .text.__malloc_lock
                0x00000000080023ec        0x2 /home/tine/.eclipse/org.eclipse.platform_4.7.3_1473617060_linux_gtk_x86_64/plugins/fr.ac6.mcu.externaltools.arm-none.linux64_1.16.0.201807130628/tools/compiler/bin/../lib/gcc/arm-none-eabi/7.2.1/../../../../arm-none-eabi/lib/thumb/v7e-m/fpv4-sp/hard/libc_nano.a(lib_a-mlock.o)
                0x00000000080023ec                __malloc_lock
 .text.__malloc_unlock
                0x00000000080023ee        0x2 /home/tine/.eclipse/org.eclipse.platform_4.7.3_1473617060_linux_gtk_x86_64/plugins/fr.ac6.mcu.externaltools.arm-none.linux64_1.16.0.201807130628/tools/compiler/bin/../lib/gcc/arm-none-eabi/7.2.1/../../../../arm-none-eabi/lib/thumb/v7e-m/fpv4-sp/hard/libc_nano.a(lib_a-mlock.o)
                0x00000000080023ee                __malloc_unlock
 .text._free_r  0x00000000080023f0       0x9c /home/tine/.eclipse/org.eclipse.platform_4.7.3_1473617060_linux_gtk_x86_64/plugins/fr.ac6.mcu.externaltools.arm-none.linux64_1.16.0.201807130628/tools/compiler/bin/../lib/gcc/arm-none-eabi/7.2.1/../../../../arm-none-eabi/lib/thumb/v7e-m/fpv4-sp/hard/libc_nano.a(lib_a-nano-freer.o)
                0x00000000080023f0                _free_r
 .text._read_r  0x000000000800248c       0x24 /home/tine/.eclipse/org.eclipse.platform_4.7.3_1473617060_linux_gtk_x86_64/plugins/fr.ac6.mcu.externaltools.arm-none.linux64_1.16.0.201807130628/tools/compiler/bin/../lib/gcc/arm-none-eabi/7.2.1/../../../../arm-none-eabi/lib/thumb/v7e-m/fpv4-sp/hard/libc_nano.a(lib_a-readr.o)
                0x000000000800248c                _read_r
 .text._fstat_r
                0x00000000080024b0       0x24 /home/tine/.eclipse/org.eclipse.platform_4.7.3_1473617060_linux_gtk_x86_64/plugins/fr.ac6.mcu.externaltools.arm-none.linux64_1.16.0.201807130628/tools/compiler/bin/../lib/gcc/arm-none-eabi/7.2.1/../../../../arm-none-eabi/lib/thumb/v7e-m/fpv4-sp/hard/libc_nano.a(lib_a-fstatr.o)
                0x00000000080024b0                _fstat_r
 .text._isatty_r
                0x00000000080024d4       0x20 /home/tine/.eclipse/org.eclipse.platform_4.7.3_1473617060_linux_gtk_x86_64/plugins/fr.ac6.mcu.externaltools.arm-none.linux64_1.16.0.201807130628/tools/compiler/bin/../lib/gcc/arm-none-eabi/7.2.1/../../../../arm-none-eabi/lib/thumb/v7e-m/fpv4-sp/hard/libc_nano.a(lib_a-isattyr.o)
                0x00000000080024d4                _isatty_r
 .text._close   0x00000000080024f4       0x10 /home/tine/.eclipse/org.eclipse.platform_4.7.3_1473617060_linux_gtk_x86_64/plugins/fr.ac6.mcu.externaltools.arm-none.linux64_1.16.0.201807130628/tools/compiler/bin/../lib/gcc/arm-none-eabi/7.2.1/../../../../arm-none-eabi/lib/thumb/v7e-m/fpv4-sp/hard/libnosys.a(close.o)
                0x00000000080024f4                _close
 .text._fstat   0x0000000008002504       0x10 /home/tine/.eclipse/org.eclipse.platform_4.7.3_1473617060_linux_gtk_x86_64/plugins/fr.ac6.mcu.externaltools.arm-none.linux64_1.16.0.201807130628/tools/compiler/bin/../lib/gcc/arm-none-eabi/7.2.1/../../../../arm-none-eabi/lib/thumb/v7e-m/fpv4-sp/hard/libnosys.a(fstat.o)
                0x0000000008002504                _fstat
 .text._isatty  0x0000000008002514       0x10 /home/tine/.eclipse/org.eclipse.platform_4.7.3_1473617060_linux_gtk_x86_64/plugins/fr.ac6.mcu.externaltools.arm-none.linux64_1.16.0.201807130628/tools/compiler/bin/../lib/gcc/arm-none-eabi/7.2.1/../../../../arm-none-eabi/lib/thumb/v7e-m/fpv4-sp/hard/libnosys.a(isatty.o)
                0x0000000008002514                _isatty
 .text._lseek   0x0000000008002524       0x10 /home/tine/.eclipse/org.eclipse.platform_4.7.3_1473617060_linux_gtk_x86_64/plugins/fr.ac6.mcu.externaltools.arm-none.linux64_1.16.0.201807130628/tools/compiler/bin/../lib/gcc/arm-none-eabi/7.2.1/../../../../arm-none-eabi/lib/thumb/v7e-m/fpv4-sp/hard/libnosys.a(lseek.o)
                0x0000000008002524                _lseek
 .text._read    0x0000000008002534       0x10 /home/tine/.eclipse/org.eclipse.platform_4.7.3_1473617060_linux_gtk_x86_64/plugins/fr.ac6.mcu.externaltools.arm-none.linux64_1.16.0.201807130628/tools/compiler/bin/../lib/gcc/arm-none-eabi/7.2.1/../../../../arm-none-eabi/lib/thumb/v7e-m/fpv4-sp/hard/libnosys.a(read.o)
                0x0000000008002534                _read
 .text._sbrk    0x0000000008002544       0x1c /home/tine/.eclipse/org.eclipse.platform_4.7.3_1473617060_linux_gtk_x86_64/plugins/fr.ac6.mcu.externaltools.arm-none.linux64_1.16.0.201807130628/tools/compiler/bin/../lib/gcc/arm-none-eabi/7.2.1/../../../../arm-none-eabi/lib/thumb/v7e-m/fpv4-sp/hard/libnosys.a(sbrk.o)
                0x0000000008002544                _sbrk
 .text._write   0x0000000008002560       0x10 /home/tine/.eclipse/org.eclipse.platform_4.7.3_1473617060_linux_gtk_x86_64/plugins/fr.ac6.mcu.externaltools.arm-none.linux64_1.16.0.201807130628/tools/compiler/bin/../lib/gcc/arm-none-eabi/7.2.1/../../../../arm-none-eabi/lib/thumb/v7e-m/fpv4-sp/hard/libnosys.a(write.o)
                0x0000000008002560                _write
 *(.glue_7)
 .glue_7        0x0000000008002570        0x0 linker stubs
 *(.glue_7t)
 .glue_7t       0x0000000008002570        0x0 linker stubs
 *(.eh_frame)
 .eh_frame      0x0000000008002570        0x0 /home/tine/.eclipse/org.eclipse.platform_4.7.3_1473617060_linux_gtk_x86_64/plugins/fr.ac6.mcu.externaltools.arm-none.linux64_1.16.0.201807130628/tools/compiler/bin/../lib/gcc/arm-none-eabi/7.2.1/thumb/v7e-m/fpv4-sp/hard/crtbegin.o
 *(.init)
 .init          0x0000000008002570        0x4 /home/tine/.eclipse/org.eclipse.platform_4.7.3_1473617060_linux_gtk_x86_64/plugins/fr.ac6.mcu.externaltools.arm-none.linux64_1.16.0.201807130628/tools/compiler/bin/../lib/gcc/arm-none-eabi/7.2.1/thumb/v7e-m/fpv4-sp/hard/crti.o
                0x0000000008002570                _init
 .init          0x0000000008002574        0x8 /home/tine/.eclipse/org.eclipse.platform_4.7.3_1473617060_linux_gtk_x86_64/plugins/fr.ac6.mcu.externaltools.arm-none.linux64_1.16.0.201807130628/tools/compiler/bin/../lib/gcc/arm-none-eabi/7.2.1/thumb/v7e-m/fpv4-sp/hard/crtn.o
 *(.fini)
 .fini          0x000000000800257c        0x4 /home/tine/.eclipse/org.eclipse.platform_4.7.3_1473617060_linux_gtk_x86_64/plugins/fr.ac6.mcu.externaltools.arm-none.linux64_1.16.0.201807130628/tools/compiler/bin/../lib/gcc/arm-none-eabi/7.2.1/thumb/v7e-m/fpv4-sp/hard/crti.o
                0x000000000800257c                _fini
 .fini          0x0000000008002580        0x8 /home/tine/.eclipse/org.eclipse.platform_4.7.3_1473617060_linux_gtk_x86_64/plugins/fr.ac6.mcu.externaltools.arm-none.linux64_1.16.0.201807130628/tools/compiler/bin/../lib/gcc/arm-none-eabi/7.2.1/thumb/v7e-m/fpv4-sp/hard/crtn.o
                0x0000000008002588                . = ALIGN (0x4)
                0x0000000008002588                _etext = .

.vfp11_veneer   0x0000000008002588        0x0
 .vfp11_veneer  0x0000000008002588        0x0 linker stubs

.v4_bx          0x0000000008002588        0x0
 .v4_bx         0x0000000008002588        0x0 linker stubs

.iplt           0x0000000008002588        0x0
 .iplt          0x0000000008002588        0x0 /home/tine/.eclipse/org.eclipse.platform_4.7.3_1473617060_linux_gtk_x86_64/plugins/fr.ac6.mcu.externaltools.arm-none.linux64_1.16.0.201807130628/tools/compiler/bin/../lib/gcc/arm-none-eabi/7.2.1/thumb/v7e-m/fpv4-sp/hard/crtbegin.o

.rodata         0x0000000008002588      0x178
                0x0000000008002588                . = ALIGN (0x4)
 *(.rodata)
 .rodata        0x0000000008002588       0x18 Src/system_stm32f4xx.o
                0x0000000008002588                AHBPrescTable
                0x0000000008002598                APBPrescTable
 *(.rodata*)
 .rodata.str1.4
                0x00000000080025a0       0x3b Drivers/STM32F4xx_HAL_Driver/Src/stm32f4xx_hal_cortex.o
 *fill*         0x00000000080025db        0x1 
 .rodata.str1.4
                0x00000000080025dc       0x39 Drivers/STM32F4xx_HAL_Driver/Src/stm32f4xx_hal_gpio.o
 *fill*         0x0000000008002615        0x3 
 .rodata.str1.4
                0x0000000008002618       0x38 Drivers/STM32F4xx_HAL_Driver/Src/stm32f4xx_hal_rcc.o
 .rodata.str1.4
                0x0000000008002650       0x18 Src/main.o
                                         0x15 (size before relaxing)
 .rodata._global_impure_ptr
                0x0000000008002668        0x4 /home/tine/.eclipse/org.eclipse.platform_4.7.3_1473617060_linux_gtk_x86_64/plugins/fr.ac6.mcu.externaltools.arm-none.linux64_1.16.0.201807130628/tools/compiler/bin/../lib/gcc/arm-none-eabi/7.2.1/../../../../arm-none-eabi/lib/thumb/v7e-m/fpv4-sp/hard/libc_nano.a(lib_a-impure.o)
                0x0000000008002668                _global_impure_ptr
 .rodata.__sf_fake_stderr
                0x000000000800266c       0x20 /home/tine/.eclipse/org.eclipse.platform_4.7.3_1473617060_linux_gtk_x86_64/plugins/fr.ac6.mcu.externaltools.arm-none.linux64_1.16.0.201807130628/tools/compiler/bin/../lib/gcc/arm-none-eabi/7.2.1/../../../../arm-none-eabi/lib/thumb/v7e-m/fpv4-sp/hard/libc_nano.a(lib_a-findfp.o)
                0x000000000800266c                __sf_fake_stderr
 .rodata.__sf_fake_stdin
                0x000000000800268c       0x20 /home/tine/.eclipse/org.eclipse.platform_4.7.3_1473617060_linux_gtk_x86_64/plugins/fr.ac6.mcu.externaltools.arm-none.linux64_1.16.0.201807130628/tools/compiler/bin/../lib/gcc/arm-none-eabi/7.2.1/../../../../arm-none-eabi/lib/thumb/v7e-m/fpv4-sp/hard/libc_nano.a(lib_a-findfp.o)
                0x000000000800268c                __sf_fake_stdin
 .rodata.__sf_fake_stdout
                0x00000000080026ac       0x20 /home/tine/.eclipse/org.eclipse.platform_4.7.3_1473617060_linux_gtk_x86_64/plugins/fr.ac6.mcu.externaltools.arm-none.linux64_1.16.0.201807130628/tools/compiler/bin/../lib/gcc/arm-none-eabi/7.2.1/../../../../arm-none-eabi/lib/thumb/v7e-m/fpv4-sp/hard/libc_nano.a(lib_a-findfp.o)
                0x00000000080026ac                __sf_fake_stdout
 .rodata._vfprintf_r.str1.1
                0x00000000080026cc       0x11 /home/tine/.eclipse/org.eclipse.platform_4.7.3_1473617060_linux_gtk_x86_64/plugins/fr.ac6.mcu.externaltools.arm-none.linux64_1.16.0.201807130628/tools/compiler/bin/../lib/gcc/arm-none-eabi/7.2.1/../../../../arm-none-eabi/lib/thumb/v7e-m/fpv4-sp/hard/libc_nano.a(lib_a-nano-vfprintf.o)
 .rodata._printf_i.str1.1
                0x00000000080026dd       0x22 /home/tine/.eclipse/org.eclipse.platform_4.7.3_1473617060_linux_gtk_x86_64/plugins/fr.ac6.mcu.externaltools.arm-none.linux64_1.16.0.201807130628/tools/compiler/bin/../lib/gcc/arm-none-eabi/7.2.1/../../../../arm-none-eabi/lib/thumb/v7e-m/fpv4-sp/hard/libc_nano.a(lib_a-nano-vfprintf_i.o)
                0x0000000008002700                . = ALIGN (0x4)
 *fill*         0x00000000080026ff        0x1 

.ARM.extab
 *(.ARM.extab* .gnu.linkonce.armextab.*)

.ARM            0x0000000008002700        0x8
                0x0000000008002700                __exidx_start = .
 *(.ARM.exidx*)
 .ARM.exidx     0x0000000008002700        0x8 /home/tine/.eclipse/org.eclipse.platform_4.7.3_1473617060_linux_gtk_x86_64/plugins/fr.ac6.mcu.externaltools.arm-none.linux64_1.16.0.201807130628/tools/compiler/bin/../lib/gcc/arm-none-eabi/7.2.1/thumb/v7e-m/fpv4-sp/hard/libgcc.a(_udivmoddi4.o)
                0x0000000008002708                __exidx_end = .

.rel.dyn        0x0000000008002708        0x0
 .rel.iplt      0x0000000008002708        0x0 /home/tine/.eclipse/org.eclipse.platform_4.7.3_1473617060_linux_gtk_x86_64/plugins/fr.ac6.mcu.externaltools.arm-none.linux64_1.16.0.201807130628/tools/compiler/bin/../lib/gcc/arm-none-eabi/7.2.1/thumb/v7e-m/fpv4-sp/hard/crtbegin.o

.preinit_array  0x0000000008002708        0x0
                0x0000000008002708                PROVIDE (__preinit_array_start, .)
 *(.preinit_array*)
                0x0000000008002708                PROVIDE (__preinit_array_end, .)

.init_array     0x0000000008002708        0x4
                0x0000000008002708                PROVIDE (__init_array_start, .)
 *(SORT_BY_NAME(.init_array.*))
 *(.init_array*)
 .init_array    0x0000000008002708        0x4 /home/tine/.eclipse/org.eclipse.platform_4.7.3_1473617060_linux_gtk_x86_64/plugins/fr.ac6.mcu.externaltools.arm-none.linux64_1.16.0.201807130628/tools/compiler/bin/../lib/gcc/arm-none-eabi/7.2.1/thumb/v7e-m/fpv4-sp/hard/crtbegin.o
                0x000000000800270c                PROVIDE (__init_array_end, .)

.fini_array     0x000000000800270c        0x4
                [!provide]                        PROVIDE (__fini_array_start, .)
 *(SORT_BY_NAME(.fini_array.*))
 *(.fini_array*)
 .fini_array    0x000000000800270c        0x4 /home/tine/.eclipse/org.eclipse.platform_4.7.3_1473617060_linux_gtk_x86_64/plugins/fr.ac6.mcu.externaltools.arm-none.linux64_1.16.0.201807130628/tools/compiler/bin/../lib/gcc/arm-none-eabi/7.2.1/thumb/v7e-m/fpv4-sp/hard/crtbegin.o
                [!provide]                        PROVIDE (__fini_array_end, .)
                0x0000000008002710                _sidata = LOADADDR (.data)

.data           0x0000000020000000       0x70 load address 0x0000000008002710
                0x0000000020000000                . = ALIGN (0x4)
                0x0000000020000000                _sdata = .
 *(.data)
 .data          0x0000000020000000        0x8 Drivers/STM32F4xx_HAL_Driver/Src/stm32f4xx_hal.o
                0x0000000020000000                uwTickFreq
                0x0000000020000004                uwTickPrio
 .data          0x0000000020000008        0x4 Src/system_stm32f4xx.o
                0x0000000020000008                SystemCoreClock
 *(.data*)
 .data._impure_ptr
                0x000000002000000c        0x4 /home/tine/.eclipse/org.eclipse.platform_4.7.3_1473617060_linux_gtk_x86_64/plugins/fr.ac6.mcu.externaltools.arm-none.linux64_1.16.0.201807130628/tools/compiler/bin/../lib/gcc/arm-none-eabi/7.2.1/../../../../arm-none-eabi/lib/thumb/v7e-m/fpv4-sp/hard/libc_nano.a(lib_a-impure.o)
                0x000000002000000c                _impure_ptr
 .data.impure_data
                0x0000000020000010       0x60 /home/tine/.eclipse/org.eclipse.platform_4.7.3_1473617060_linux_gtk_x86_64/plugins/fr.ac6.mcu.externaltools.arm-none.linux64_1.16.0.201807130628/tools/compiler/bin/../lib/gcc/arm-none-eabi/7.2.1/../../../../arm-none-eabi/lib/thumb/v7e-m/fpv4-sp/hard/libc_nano.a(lib_a-impure.o)
                0x0000000020000070                . = ALIGN (0x4)
                0x0000000020000070                _edata = .
                0x0000000008002780                _siccmram = LOADADDR (.ccmram)

.igot.plt       0x0000000020000070        0x0 load address 0x0000000008002780
 .igot.plt      0x0000000020000070        0x0 /home/tine/.eclipse/org.eclipse.platform_4.7.3_1473617060_linux_gtk_x86_64/plugins/fr.ac6.mcu.externaltools.arm-none.linux64_1.16.0.201807130628/tools/compiler/bin/../lib/gcc/arm-none-eabi/7.2.1/thumb/v7e-m/fpv4-sp/hard/crtbegin.o

.ccmram         0x0000000010000000        0x0 load address 0x0000000008002780
                0x0000000010000000                . = ALIGN (0x4)
                0x0000000010000000                _sccmram = .
 *(.ccmram)
 *(.ccmram*)
                0x0000000010000000                . = ALIGN (0x4)
                0x0000000010000000                _eccmram = .
                0x0000000010000000                . = ALIGN (0x4)

.bss            0x0000000020000070       0x30
                0x0000000020000070                _sbss = .
                0x0000000020000070                __bss_start__ = _sbss
 *(.bss)
 .bss           0x0000000020000070       0x1c /home/tine/.eclipse/org.eclipse.platform_4.7.3_1473617060_linux_gtk_x86_64/plugins/fr.ac6.mcu.externaltools.arm-none.linux64_1.16.0.201807130628/tools/compiler/bin/../lib/gcc/arm-none-eabi/7.2.1/thumb/v7e-m/fpv4-sp/hard/crtbegin.o
 *(.bss*)
 .bss.__malloc_free_list
                0x000000002000008c        0x4 /home/tine/.eclipse/org.eclipse.platform_4.7.3_1473617060_linux_gtk_x86_64/plugins/fr.ac6.mcu.externaltools.arm-none.linux64_1.16.0.201807130628/tools/compiler/bin/../lib/gcc/arm-none-eabi/7.2.1/../../../../arm-none-eabi/lib/thumb/v7e-m/fpv4-sp/hard/libc_nano.a(lib_a-nano-mallocr.o)
                0x000000002000008c                __malloc_free_list
 .bss.__malloc_sbrk_start
                0x0000000020000090        0x4 /home/tine/.eclipse/org.eclipse.platform_4.7.3_1473617060_linux_gtk_x86_64/plugins/fr.ac6.mcu.externaltools.arm-none.linux64_1.16.0.201807130628/tools/compiler/bin/../lib/gcc/arm-none-eabi/7.2.1/../../../../arm-none-eabi/lib/thumb/v7e-m/fpv4-sp/hard/libc_nano.a(lib_a-nano-mallocr.o)
                0x0000000020000090                __malloc_sbrk_start
 .bss.heap_end.5377
                0x0000000020000094        0x4 /home/tine/.eclipse/org.eclipse.platform_4.7.3_1473617060_linux_gtk_x86_64/plugins/fr.ac6.mcu.externaltools.arm-none.linux64_1.16.0.201807130628/tools/compiler/bin/../lib/gcc/arm-none-eabi/7.2.1/../../../../arm-none-eabi/lib/thumb/v7e-m/fpv4-sp/hard/libnosys.a(sbrk.o)
 *(COMMON)
 COMMON         0x0000000020000098        0x4 Drivers/STM32F4xx_HAL_Driver/Src/stm32f4xx_hal.o
                0x0000000020000098                uwTick
 COMMON         0x000000002000009c        0x4 /home/tine/.eclipse/org.eclipse.platform_4.7.3_1473617060_linux_gtk_x86_64/plugins/fr.ac6.mcu.externaltools.arm-none.linux64_1.16.0.201807130628/tools/compiler/bin/../lib/gcc/arm-none-eabi/7.2.1/../../../../arm-none-eabi/lib/thumb/v7e-m/fpv4-sp/hard/libc_nano.a(lib_a-reent.o)
                0x000000002000009c                errno
                0x00000000200000a0                . = ALIGN (0x4)
                0x00000000200000a0                _ebss = .
                0x00000000200000a0                __bss_end__ = _ebss

._user_heap_stack
                0x00000000200000a0      0x600
                0x00000000200000a0                . = ALIGN (0x8)
                0x00000000200000a0                PROVIDE (end, .)
                [!provide]                        PROVIDE (_end, .)
                0x00000000200002a0                . = (. + _Min_Heap_Size)
 *fill*         0x00000000200000a0      0x200 
                0x00000000200006a0                . = (. + _Min_Stack_Size)
 *fill*         0x00000000200002a0      0x400 
                0x00000000200006a0                . = ALIGN (0x8)

/DISCARD/
 libc.a(*)
 libm.a(*)
 libgcc.a(*)

.ARM.attributes
                0x0000000000000000       0x30
 *(.ARM.attributes)
 .ARM.attributes
                0x0000000000000000       0x22 /home/tine/.eclipse/org.eclipse.platform_4.7.3_1473617060_linux_gtk_x86_64/plugins/fr.ac6.mcu.externaltools.arm-none.linux64_1.16.0.201807130628/tools/compiler/bin/../lib/gcc/arm-none-eabi/7.2.1/thumb/v7e-m/fpv4-sp/hard/crti.o
 .ARM.attributes
                0x0000000000000022       0x34 /home/tine/.eclipse/org.eclipse.platform_4.7.3_1473617060_linux_gtk_x86_64/plugins/fr.ac6.mcu.externaltools.arm-none.linux64_1.16.0.201807130628/tools/compiler/bin/../lib/gcc/arm-none-eabi/7.2.1/thumb/v7e-m/fpv4-sp/hard/crtbegin.o
 .ARM.attributes
                0x0000000000000056       0x39 Drivers/STM32F4xx_HAL_Driver/Src/stm32f4xx_hal.o
 .ARM.attributes
                0x000000000000008f       0x39 Drivers/STM32F4xx_HAL_Driver/Src/stm32f4xx_hal_cortex.o
 .ARM.attributes
                0x00000000000000c8       0x39 Drivers/STM32F4xx_HAL_Driver/Src/stm32f4xx_hal_gpio.o
 .ARM.attributes
                0x0000000000000101       0x39 Drivers/STM32F4xx_HAL_Driver/Src/stm32f4xx_hal_rcc.o
 .ARM.attributes
                0x000000000000013a       0x39 Src/main.o
 .ARM.attributes
                0x0000000000000173       0x39 Src/stm32f4xx_hal_msp.o
 .ARM.attributes
                0x00000000000001ac       0x39 Src/stm32f4xx_it.o
 .ARM.attributes
                0x00000000000001e5       0x39 Src/system_stm32f4xx.o
 .ARM.attributes
                0x000000000000021e       0x21 startup/startup_stm32f407xx.o
 .ARM.attributes
                0x000000000000023f       0x22 /home/tine/.eclipse/org.eclipse.platform_4.7.3_1473617060_linux_gtk_x86_64/plugins/fr.ac6.mcu.externaltools.arm-none.linux64_1.16.0.201807130628/tools/compiler/bin/../lib/gcc/arm-none-eabi/7.2.1/thumb/v7e-m/fpv4-sp/hard/libgcc.a(_aeabi_uldivmod.o)
 .ARM.attributes
                0x0000000000000261       0x34 /home/tine/.eclipse/org.eclipse.platform_4.7.3_1473617060_linux_gtk_x86_64/plugins/fr.ac6.mcu.externaltools.arm-none.linux64_1.16.0.201807130628/tools/compiler/bin/../lib/gcc/arm-none-eabi/7.2.1/thumb/v7e-m/fpv4-sp/hard/libgcc.a(_udivmoddi4.o)
 .ARM.attributes
                0x0000000000000295       0x22 /home/tine/.eclipse/org.eclipse.platform_4.7.3_1473617060_linux_gtk_x86_64/plugins/fr.ac6.mcu.externaltools.arm-none.linux64_1.16.0.201807130628/tools/compiler/bin/../lib/gcc/arm-none-eabi/7.2.1/thumb/v7e-m/fpv4-sp/hard/libgcc.a(_dvmd_tls.o)
 .ARM.attributes
                0x00000000000002b7       0x34 /home/tine/.eclipse/org.eclipse.platform_4.7.3_1473617060_linux_gtk_x86_64/plugins/fr.ac6.mcu.externaltools.arm-none.linux64_1.16.0.201807130628/tools/compiler/bin/../lib/gcc/arm-none-eabi/7.2.1/../../../../arm-none-eabi/lib/thumb/v7e-m/fpv4-sp/hard/libc_nano.a(lib_a-impure.o)
 .ARM.attributes
                0x00000000000002eb       0x34 /home/tine/.eclipse/org.eclipse.platform_4.7.3_1473617060_linux_gtk_x86_64/plugins/fr.ac6.mcu.externaltools.arm-none.linux64_1.16.0.201807130628/tools/compiler/bin/../lib/gcc/arm-none-eabi/7.2.1/../../../../arm-none-eabi/lib/thumb/v7e-m/fpv4-sp/hard/libc_nano.a(lib_a-init.o)
 .ARM.attributes
                0x000000000000031f       0x34 /home/tine/.eclipse/org.eclipse.platform_4.7.3_1473617060_linux_gtk_x86_64/plugins/fr.ac6.mcu.externaltools.arm-none.linux64_1.16.0.201807130628/tools/compiler/bin/../lib/gcc/arm-none-eabi/7.2.1/../../../../arm-none-eabi/lib/thumb/v7e-m/fpv4-sp/hard/libc_nano.a(lib_a-memset.o)
 .ARM.attributes
                0x0000000000000353       0x34 /home/tine/.eclipse/org.eclipse.platform_4.7.3_1473617060_linux_gtk_x86_64/plugins/fr.ac6.mcu.externaltools.arm-none.linux64_1.16.0.201807130628/tools/compiler/bin/../lib/gcc/arm-none-eabi/7.2.1/../../../../arm-none-eabi/lib/thumb/v7e-m/fpv4-sp/hard/libc_nano.a(lib_a-printf.o)
 .ARM.attributes
                0x0000000000000387       0x34 /home/tine/.eclipse/org.eclipse.platform_4.7.3_1473617060_linux_gtk_x86_64/plugins/fr.ac6.mcu.externaltools.arm-none.linux64_1.16.0.201807130628/tools/compiler/bin/../lib/gcc/arm-none-eabi/7.2.1/../../../../arm-none-eabi/lib/thumb/v7e-m/fpv4-sp/hard/libc_nano.a(lib_a-findfp.o)
 .ARM.attributes
                0x00000000000003bb       0x34 /home/tine/.eclipse/org.eclipse.platform_4.7.3_1473617060_linux_gtk_x86_64/plugins/fr.ac6.mcu.externaltools.arm-none.linux64_1.16.0.201807130628/tools/compiler/bin/../lib/gcc/arm-none-eabi/7.2.1/../../../../arm-none-eabi/lib/thumb/v7e-m/fpv4-sp/hard/libc_nano.a(lib_a-fwalk.o)
 .ARM.attributes
                0x00000000000003ef       0x34 /home/tine/.eclipse/org.eclipse.platform_4.7.3_1473617060_linux_gtk_x86_64/plugins/fr.ac6.mcu.externaltools.arm-none.linux64_1.16.0.201807130628/tools/compiler/bin/../lib/gcc/arm-none-eabi/7.2.1/../../../../arm-none-eabi/lib/thumb/v7e-m/fpv4-sp/hard/libc_nano.a(lib_a-nano-mallocr.o)
 .ARM.attributes
                0x0000000000000423       0x34 /home/tine/.eclipse/org.eclipse.platform_4.7.3_1473617060_linux_gtk_x86_64/plugins/fr.ac6.mcu.externaltools.arm-none.linux64_1.16.0.201807130628/tools/compiler/bin/../lib/gcc/arm-none-eabi/7.2.1/../../../../arm-none-eabi/lib/thumb/v7e-m/fpv4-sp/hard/libc_nano.a(lib_a-nano-vfprintf.o)
 .ARM.attributes
                0x0000000000000457       0x34 /home/tine/.eclipse/org.eclipse.platform_4.7.3_1473617060_linux_gtk_x86_64/plugins/fr.ac6.mcu.externaltools.arm-none.linux64_1.16.0.201807130628/tools/compiler/bin/../lib/gcc/arm-none-eabi/7.2.1/../../../../arm-none-eabi/lib/thumb/v7e-m/fpv4-sp/hard/libc_nano.a(lib_a-nano-vfprintf_i.o)
 .ARM.attributes
                0x000000000000048b       0x34 /home/tine/.eclipse/org.eclipse.platform_4.7.3_1473617060_linux_gtk_x86_64/plugins/fr.ac6.mcu.externaltools.arm-none.linux64_1.16.0.201807130628/tools/compiler/bin/../lib/gcc/arm-none-eabi/7.2.1/../../../../arm-none-eabi/lib/thumb/v7e-m/fpv4-sp/hard/libc_nano.a(lib_a-sbrkr.o)
 .ARM.attributes
                0x00000000000004bf       0x34 /home/tine/.eclipse/org.eclipse.platform_4.7.3_1473617060_linux_gtk_x86_64/plugins/fr.ac6.mcu.externaltools.arm-none.linux64_1.16.0.201807130628/tools/compiler/bin/../lib/gcc/arm-none-eabi/7.2.1/../../../../arm-none-eabi/lib/thumb/v7e-m/fpv4-sp/hard/libc_nano.a(lib_a-stdio.o)
 .ARM.attributes
                0x00000000000004f3       0x34 /home/tine/.eclipse/org.eclipse.platform_4.7.3_1473617060_linux_gtk_x86_64/plugins/fr.ac6.mcu.externaltools.arm-none.linux64_1.16.0.201807130628/tools/compiler/bin/../lib/gcc/arm-none-eabi/7.2.1/../../../../arm-none-eabi/lib/thumb/v7e-m/fpv4-sp/hard/libc_nano.a(lib_a-wbuf.o)
 .ARM.attributes
                0x0000000000000527       0x34 /home/tine/.eclipse/org.eclipse.platform_4.7.3_1473617060_linux_gtk_x86_64/plugins/fr.ac6.mcu.externaltools.arm-none.linux64_1.16.0.201807130628/tools/compiler/bin/../lib/gcc/arm-none-eabi/7.2.1/../../../../arm-none-eabi/lib/thumb/v7e-m/fpv4-sp/hard/libc_nano.a(lib_a-writer.o)
 .ARM.attributes
                0x000000000000055b       0x34 /home/tine/.eclipse/org.eclipse.platform_4.7.3_1473617060_linux_gtk_x86_64/plugins/fr.ac6.mcu.externaltools.arm-none.linux64_1.16.0.201807130628/tools/compiler/bin/../lib/gcc/arm-none-eabi/7.2.1/../../../../arm-none-eabi/lib/thumb/v7e-m/fpv4-sp/hard/libc_nano.a(lib_a-wsetup.o)
 .ARM.attributes
                0x000000000000058f       0x34 /home/tine/.eclipse/org.eclipse.platform_4.7.3_1473617060_linux_gtk_x86_64/plugins/fr.ac6.mcu.externaltools.arm-none.linux64_1.16.0.201807130628/tools/compiler/bin/../lib/gcc/arm-none-eabi/7.2.1/../../../../arm-none-eabi/lib/thumb/v7e-m/fpv4-sp/hard/libc_nano.a(lib_a-closer.o)
 .ARM.attributes
                0x00000000000005c3       0x34 /home/tine/.eclipse/org.eclipse.platform_4.7.3_1473617060_linux_gtk_x86_64/plugins/fr.ac6.mcu.externaltools.arm-none.linux64_1.16.0.201807130628/tools/compiler/bin/../lib/gcc/arm-none-eabi/7.2.1/../../../../arm-none-eabi/lib/thumb/v7e-m/fpv4-sp/hard/libc_nano.a(lib_a-fflush.o)
 .ARM.attributes
                0x00000000000005f7       0x34 /home/tine/.eclipse/org.eclipse.platform_4.7.3_1473617060_linux_gtk_x86_64/plugins/fr.ac6.mcu.externaltools.arm-none.linux64_1.16.0.201807130628/tools/compiler/bin/../lib/gcc/arm-none-eabi/7.2.1/../../../../arm-none-eabi/lib/thumb/v7e-m/fpv4-sp/hard/libc_nano.a(lib_a-lseekr.o)
 .ARM.attributes
                0x000000000000062b       0x34 /home/tine/.eclipse/org.eclipse.platform_4.7.3_1473617060_linux_gtk_x86_64/plugins/fr.ac6.mcu.externaltools.arm-none.linux64_1.16.0.201807130628/tools/compiler/bin/../lib/gcc/arm-none-eabi/7.2.1/../../../../arm-none-eabi/lib/thumb/v7e-m/fpv4-sp/hard/libc_nano.a(lib_a-makebuf.o)
 .ARM.attributes
                0x000000000000065f       0x20 /home/tine/.eclipse/org.eclipse.platform_4.7.3_1473617060_linux_gtk_x86_64/plugins/fr.ac6.mcu.externaltools.arm-none.linux64_1.16.0.201807130628/tools/compiler/bin/../lib/gcc/arm-none-eabi/7.2.1/../../../../arm-none-eabi/lib/thumb/v7e-m/fpv4-sp/hard/libc_nano.a(lib_a-memchr.o)
 .ARM.attributes
                0x000000000000067f       0x34 /home/tine/.eclipse/org.eclipse.platform_4.7.3_1473617060_linux_gtk_x86_64/plugins/fr.ac6.mcu.externaltools.arm-none.linux64_1.16.0.201807130628/tools/compiler/bin/../lib/gcc/arm-none-eabi/7.2.1/../../../../arm-none-eabi/lib/thumb/v7e-m/fpv4-sp/hard/libc_nano.a(lib_a-mlock.o)
 .ARM.attributes
                0x00000000000006b3       0x34 /home/tine/.eclipse/org.eclipse.platform_4.7.3_1473617060_linux_gtk_x86_64/plugins/fr.ac6.mcu.externaltools.arm-none.linux64_1.16.0.201807130628/tools/compiler/bin/../lib/gcc/arm-none-eabi/7.2.1/../../../../arm-none-eabi/lib/thumb/v7e-m/fpv4-sp/hard/libc_nano.a(lib_a-nano-freer.o)
 .ARM.attributes
                0x00000000000006e7       0x34 /home/tine/.eclipse/org.eclipse.platform_4.7.3_1473617060_linux_gtk_x86_64/plugins/fr.ac6.mcu.externaltools.arm-none.linux64_1.16.0.201807130628/tools/compiler/bin/../lib/gcc/arm-none-eabi/7.2.1/../../../../arm-none-eabi/lib/thumb/v7e-m/fpv4-sp/hard/libc_nano.a(lib_a-readr.o)
 .ARM.attributes
                0x000000000000071b       0x34 /home/tine/.eclipse/org.eclipse.platform_4.7.3_1473617060_linux_gtk_x86_64/plugins/fr.ac6.mcu.externaltools.arm-none.linux64_1.16.0.201807130628/tools/compiler/bin/../lib/gcc/arm-none-eabi/7.2.1/../../../../arm-none-eabi/lib/thumb/v7e-m/fpv4-sp/hard/libc_nano.a(lib_a-reent.o)
 .ARM.attributes
                0x000000000000074f       0x34 /home/tine/.eclipse/org.eclipse.platform_4.7.3_1473617060_linux_gtk_x86_64/plugins/fr.ac6.mcu.externaltools.arm-none.linux64_1.16.0.201807130628/tools/compiler/bin/../lib/gcc/arm-none-eabi/7.2.1/../../../../arm-none-eabi/lib/thumb/v7e-m/fpv4-sp/hard/libc_nano.a(lib_a-fstatr.o)
 .ARM.attributes
                0x0000000000000783       0x34 /home/tine/.eclipse/org.eclipse.platform_4.7.3_1473617060_linux_gtk_x86_64/plugins/fr.ac6.mcu.externaltools.arm-none.linux64_1.16.0.201807130628/tools/compiler/bin/../lib/gcc/arm-none-eabi/7.2.1/../../../../arm-none-eabi/lib/thumb/v7e-m/fpv4-sp/hard/libc_nano.a(lib_a-isattyr.o)
 .ARM.attributes
                0x00000000000007b7       0x34 /home/tine/.eclipse/org.eclipse.platform_4.7.3_1473617060_linux_gtk_x86_64/plugins/fr.ac6.mcu.externaltools.arm-none.linux64_1.16.0.201807130628/tools/compiler/bin/../lib/gcc/arm-none-eabi/7.2.1/../../../../arm-none-eabi/lib/thumb/v7e-m/fpv4-sp/hard/libnosys.a(close.o)
 .ARM.attributes
                0x00000000000007eb       0x34 /home/tine/.eclipse/org.eclipse.platform_4.7.3_1473617060_linux_gtk_x86_64/plugins/fr.ac6.mcu.externaltools.arm-none.linux64_1.16.0.201807130628/tools/compiler/bin/../lib/gcc/arm-none-eabi/7.2.1/../../../../arm-none-eabi/lib/thumb/v7e-m/fpv4-sp/hard/libnosys.a(fstat.o)
 .ARM.attributes
                0x000000000000081f       0x34 /home/tine/.eclipse/org.eclipse.platform_4.7.3_1473617060_linux_gtk_x86_64/plugins/fr.ac6.mcu.externaltools.arm-none.linux64_1.16.0.201807130628/tools/compiler/bin/../lib/gcc/arm-none-eabi/7.2.1/../../../../arm-none-eabi/lib/thumb/v7e-m/fpv4-sp/hard/libnosys.a(isatty.o)
 .ARM.attributes
                0x0000000000000853       0x34 /home/tine/.eclipse/org.eclipse.platform_4.7.3_1473617060_linux_gtk_x86_64/plugins/fr.ac6.mcu.externaltools.arm-none.linux64_1.16.0.201807130628/tools/compiler/bin/../lib/gcc/arm-none-eabi/7.2.1/../../../../arm-none-eabi/lib/thumb/v7e-m/fpv4-sp/hard/libnosys.a(lseek.o)
 .ARM.attributes
                0x0000000000000887       0x34 /home/tine/.eclipse/org.eclipse.platform_4.7.3_1473617060_linux_gtk_x86_64/plugins/fr.ac6.mcu.externaltools.arm-none.linux64_1.16.0.201807130628/tools/compiler/bin/../lib/gcc/arm-none-eabi/7.2.1/../../../../arm-none-eabi/lib/thumb/v7e-m/fpv4-sp/hard/libnosys.a(read.o)
 .ARM.attributes
                0x00000000000008bb       0x34 /home/tine/.eclipse/org.eclipse.platform_4.7.3_1473617060_linux_gtk_x86_64/plugins/fr.ac6.mcu.externaltools.arm-none.linux64_1.16.0.201807130628/tools/compiler/bin/../lib/gcc/arm-none-eabi/7.2.1/../../../../arm-none-eabi/lib/thumb/v7e-m/fpv4-sp/hard/libnosys.a(sbrk.o)
 .ARM.attributes
                0x00000000000008ef       0x34 /home/tine/.eclipse/org.eclipse.platform_4.7.3_1473617060_linux_gtk_x86_64/plugins/fr.ac6.mcu.externaltools.arm-none.linux64_1.16.0.201807130628/tools/compiler/bin/../lib/gcc/arm-none-eabi/7.2.1/../../../../arm-none-eabi/lib/thumb/v7e-m/fpv4-sp/hard/libnosys.a(write.o)
 .ARM.attributes
                0x0000000000000923       0x22 /home/tine/.eclipse/org.eclipse.platform_4.7.3_1473617060_linux_gtk_x86_64/plugins/fr.ac6.mcu.externaltools.arm-none.linux64_1.16.0.201807130628/tools/compiler/bin/../lib/gcc/arm-none-eabi/7.2.1/thumb/v7e-m/fpv4-sp/hard/crtn.o
OUTPUT(STM32F4_CubeTest01.elf elf32-littlearm)

.debug_info     0x0000000000000000     0x8cd0
 .debug_info    0x0000000000000000     0x11ff Drivers/STM32F4xx_HAL_Driver/Src/stm32f4xx_hal.o
 .debug_info    0x00000000000011ff     0x19ea Drivers/STM32F4xx_HAL_Driver/Src/stm32f4xx_hal_cortex.o
 .debug_info    0x0000000000002be9     0x10ff Drivers/STM32F4xx_HAL_Driver/Src/stm32f4xx_hal_gpio.o
 .debug_info    0x0000000000003ce8     0x14f9 Drivers/STM32F4xx_HAL_Driver/Src/stm32f4xx_hal_rcc.o
 .debug_info    0x00000000000051e1     0x153c Src/main.o
 .debug_info    0x000000000000671d      0xe65 Src/stm32f4xx_hal_msp.o
 .debug_info    0x0000000000007582      0xa03 Src/stm32f4xx_it.o
 .debug_info    0x0000000000007f85      0xd29 Src/system_stm32f4xx.o
 .debug_info    0x0000000000008cae       0x22 startup/startup_stm32f407xx.o

.debug_abbrev   0x0000000000000000     0x15e8
 .debug_abbrev  0x0000000000000000      0x2e5 Drivers/STM32F4xx_HAL_Driver/Src/stm32f4xx_hal.o
 .debug_abbrev  0x00000000000002e5      0x3f1 Drivers/STM32F4xx_HAL_Driver/Src/stm32f4xx_hal_cortex.o
 .debug_abbrev  0x00000000000006d6      0x2de Drivers/STM32F4xx_HAL_Driver/Src/stm32f4xx_hal_gpio.o
 .debug_abbrev  0x00000000000009b4      0x344 Drivers/STM32F4xx_HAL_Driver/Src/stm32f4xx_hal_rcc.o
 .debug_abbrev  0x0000000000000cf8      0x2ad Src/main.o
 .debug_abbrev  0x0000000000000fa5      0x234 Src/stm32f4xx_hal_msp.o
 .debug_abbrev  0x00000000000011d9      0x1f8 Src/stm32f4xx_it.o
 .debug_abbrev  0x00000000000013d1      0x205 Src/system_stm32f4xx.o
 .debug_abbrev  0x00000000000015d6       0x12 startup/startup_stm32f407xx.o

.debug_loc      0x0000000000000000     0x130f
 .debug_loc     0x0000000000000000       0xee Drivers/STM32F4xx_HAL_Driver/Src/stm32f4xx_hal.o
 .debug_loc     0x00000000000000ee      0x75c Drivers/STM32F4xx_HAL_Driver/Src/stm32f4xx_hal_cortex.o
 .debug_loc     0x000000000000084a      0x58e Drivers/STM32F4xx_HAL_Driver/Src/stm32f4xx_hal_gpio.o
 .debug_loc     0x0000000000000dd8      0x3f9 Drivers/STM32F4xx_HAL_Driver/Src/stm32f4xx_hal_rcc.o
 .debug_loc     0x00000000000011d1      0x13e Src/system_stm32f4xx.o

.debug_aranges  0x0000000000000000      0x380
 .debug_aranges
                0x0000000000000000       0xe0 Drivers/STM32F4xx_HAL_Driver/Src/stm32f4xx_hal.o
 .debug_aranges
                0x00000000000000e0       0xa8 Drivers/STM32F4xx_HAL_Driver/Src/stm32f4xx_hal_cortex.o
 .debug_aranges
                0x0000000000000188       0x58 Drivers/STM32F4xx_HAL_Driver/Src/stm32f4xx_hal_gpio.o
 .debug_aranges
                0x00000000000001e0       0x88 Drivers/STM32F4xx_HAL_Driver/Src/stm32f4xx_hal_rcc.o
 .debug_aranges
                0x0000000000000268       0x48 Src/main.o
 .debug_aranges
                0x00000000000002b0       0x20 Src/stm32f4xx_hal_msp.o
 .debug_aranges
                0x00000000000002d0       0x60 Src/stm32f4xx_it.o
 .debug_aranges
                0x0000000000000330       0x28 Src/system_stm32f4xx.o
 .debug_aranges
                0x0000000000000358       0x28 startup/startup_stm32f407xx.o

.debug_ranges   0x0000000000000000      0x370
 .debug_ranges  0x0000000000000000       0xd0 Drivers/STM32F4xx_HAL_Driver/Src/stm32f4xx_hal.o
 .debug_ranges  0x00000000000000d0       0xf8 Drivers/STM32F4xx_HAL_Driver/Src/stm32f4xx_hal_cortex.o
 .debug_ranges  0x00000000000001c8       0x48 Drivers/STM32F4xx_HAL_Driver/Src/stm32f4xx_hal_gpio.o
 .debug_ranges  0x0000000000000210       0x90 Drivers/STM32F4xx_HAL_Driver/Src/stm32f4xx_hal_rcc.o
 .debug_ranges  0x00000000000002a0       0x38 Src/main.o
 .debug_ranges  0x00000000000002d8       0x10 Src/stm32f4xx_hal_msp.o
 .debug_ranges  0x00000000000002e8       0x50 Src/stm32f4xx_it.o
 .debug_ranges  0x0000000000000338       0x18 Src/system_stm32f4xx.o
 .debug_ranges  0x0000000000000350       0x20 startup/startup_stm32f407xx.o

.debug_macro    0x0000000000000000    0x1faf2
 .debug_macro   0x0000000000000000      0x363 Drivers/STM32F4xx_HAL_Driver/Src/stm32f4xx_hal.o
 .debug_macro   0x0000000000000363      0xa60 Drivers/STM32F4xx_HAL_Driver/Src/stm32f4xx_hal.o
 .debug_macro   0x0000000000000dc3      0x1a3 Drivers/STM32F4xx_HAL_Driver/Src/stm32f4xx_hal.o
 .debug_macro   0x0000000000000f66      0x17b Drivers/STM32F4xx_HAL_Driver/Src/stm32f4xx_hal.o
 .debug_macro   0x00000000000010e1       0x32 Drivers/STM32F4xx_HAL_Driver/Src/stm32f4xx_hal.o
 .debug_macro   0x0000000000001113       0x2f Drivers/STM32F4xx_HAL_Driver/Src/stm32f4xx_hal.o
 .debug_macro   0x0000000000001142       0x22 Drivers/STM32F4xx_HAL_Driver/Src/stm32f4xx_hal.o
 .debug_macro   0x0000000000001164       0x87 Drivers/STM32F4xx_HAL_Driver/Src/stm32f4xx_hal.o
 .debug_macro   0x00000000000011eb       0x51 Drivers/STM32F4xx_HAL_Driver/Src/stm32f4xx_hal.o
 .debug_macro   0x000000000000123c       0xef Drivers/STM32F4xx_HAL_Driver/Src/stm32f4xx_hal.o
 .debug_macro   0x000000000000132b       0x6a Drivers/STM32F4xx_HAL_Driver/Src/stm32f4xx_hal.o
 .debug_macro   0x0000000000001395      0x1df Drivers/STM32F4xx_HAL_Driver/Src/stm32f4xx_hal.o
 .debug_macro   0x0000000000001574       0x35 Drivers/STM32F4xx_HAL_Driver/Src/stm32f4xx_hal.o
 .debug_macro   0x00000000000015a9       0x50 Drivers/STM32F4xx_HAL_Driver/Src/stm32f4xx_hal.o
 .debug_macro   0x00000000000015f9      0xe66 Drivers/STM32F4xx_HAL_Driver/Src/stm32f4xx_hal.o
 .debug_macro   0x000000000000245f    0x15d08 Drivers/STM32F4xx_HAL_Driver/Src/stm32f4xx_hal.o
 .debug_macro   0x0000000000018167       0x43 Drivers/STM32F4xx_HAL_Driver/Src/stm32f4xx_hal.o
 .debug_macro   0x00000000000181aa     0x3535 Drivers/STM32F4xx_HAL_Driver/Src/stm32f4xx_hal.o
 .debug_macro   0x000000000001b6df       0x58 Drivers/STM32F4xx_HAL_Driver/Src/stm32f4xx_hal.o
 .debug_macro   0x000000000001b737       0x17 Drivers/STM32F4xx_HAL_Driver/Src/stm32f4xx_hal.o
 .debug_macro   0x000000000001b74e       0x35 Drivers/STM32F4xx_HAL_Driver/Src/stm32f4xx_hal.o
 .debug_macro   0x000000000001b783       0x9c Drivers/STM32F4xx_HAL_Driver/Src/stm32f4xx_hal.o
 .debug_macro   0x000000000001b81f       0x16 Drivers/STM32F4xx_HAL_Driver/Src/stm32f4xx_hal.o
 .debug_macro   0x000000000001b835       0x97 Drivers/STM32F4xx_HAL_Driver/Src/stm32f4xx_hal.o
 .debug_macro   0x000000000001b8cc      0x330 Drivers/STM32F4xx_HAL_Driver/Src/stm32f4xx_hal.o
 .debug_macro   0x000000000001bbfc       0xfd Drivers/STM32F4xx_HAL_Driver/Src/stm32f4xx_hal.o
 .debug_macro   0x000000000001bcf9       0x10 Drivers/STM32F4xx_HAL_Driver/Src/stm32f4xx_hal.o
 .debug_macro   0x000000000001bd09       0x58 Drivers/STM32F4xx_HAL_Driver/Src/stm32f4xx_hal.o
 .debug_macro   0x000000000001bd61       0x1f Drivers/STM32F4xx_HAL_Driver/Src/stm32f4xx_hal.o
 .debug_macro   0x000000000001bd80       0x43 Drivers/STM32F4xx_HAL_Driver/Src/stm32f4xx_hal.o
 .debug_macro   0x000000000001bdc3       0x20 Drivers/STM32F4xx_HAL_Driver/Src/stm32f4xx_hal.o
 .debug_macro   0x000000000001bde3      0x18e Drivers/STM32F4xx_HAL_Driver/Src/stm32f4xx_hal.o
 .debug_macro   0x000000000001bf71       0x10 Drivers/STM32F4xx_HAL_Driver/Src/stm32f4xx_hal.o
 .debug_macro   0x000000000001bf81       0x1c Drivers/STM32F4xx_HAL_Driver/Src/stm32f4xx_hal.o
 .debug_macro   0x000000000001bf9d       0x52 Drivers/STM32F4xx_HAL_Driver/Src/stm32f4xx_hal.o
 .debug_macro   0x000000000001bfef       0x40 Drivers/STM32F4xx_HAL_Driver/Src/stm32f4xx_hal.o
 .debug_macro   0x000000000001c02f       0x10 Drivers/STM32F4xx_HAL_Driver/Src/stm32f4xx_hal.o
 .debug_macro   0x000000000001c03f       0x40 Drivers/STM32F4xx_HAL_Driver/Src/stm32f4xx_hal.o
 .debug_macro   0x000000000001c07f       0xd7 Drivers/STM32F4xx_HAL_Driver/Src/stm32f4xx_hal.o
 .debug_macro   0x000000000001c156       0x1c Drivers/STM32F4xx_HAL_Driver/Src/stm32f4xx_hal.o
 .debug_macro   0x000000000001c172       0x3d Drivers/STM32F4xx_HAL_Driver/Src/stm32f4xx_hal.o
 .debug_macro   0x000000000001c1af       0x16 Drivers/STM32F4xx_HAL_Driver/Src/stm32f4xx_hal.o
 .debug_macro   0x000000000001c1c5      0x16f Drivers/STM32F4xx_HAL_Driver/Src/stm32f4xx_hal.o
 .debug_macro   0x000000000001c334       0x50 Drivers/STM32F4xx_HAL_Driver/Src/stm32f4xx_hal.o
 .debug_macro   0x000000000001c384      0x96b Drivers/STM32F4xx_HAL_Driver/Src/stm32f4xx_hal.o
 .debug_macro   0x000000000001ccef      0xa02 Drivers/STM32F4xx_HAL_Driver/Src/stm32f4xx_hal.o
 .debug_macro   0x000000000001d6f1      0x11e Drivers/STM32F4xx_HAL_Driver/Src/stm32f4xx_hal.o
 .debug_macro   0x000000000001d80f      0x13e Drivers/STM32F4xx_HAL_Driver/Src/stm32f4xx_hal.o
 .debug_macro   0x000000000001d94d       0x27 Drivers/STM32F4xx_HAL_Driver/Src/stm32f4xx_hal.o
 .debug_macro   0x000000000001d974      0x287 Drivers/STM32F4xx_HAL_Driver/Src/stm32f4xx_hal.o
 .debug_macro   0x000000000001dbfb       0x5f Drivers/STM32F4xx_HAL_Driver/Src/stm32f4xx_hal.o
 .debug_macro   0x000000000001dc5a      0x23a Drivers/STM32F4xx_HAL_Driver/Src/stm32f4xx_hal.o
 .debug_macro   0x000000000001de94      0x133 Drivers/STM32F4xx_HAL_Driver/Src/stm32f4xx_hal.o
 .debug_macro   0x000000000001dfc7      0x21e Drivers/STM32F4xx_HAL_Driver/Src/stm32f4xx_hal.o
 .debug_macro   0x000000000001e1e5       0x2e Drivers/STM32F4xx_HAL_Driver/Src/stm32f4xx_hal.o
 .debug_macro   0x000000000001e213      0x11e Drivers/STM32F4xx_HAL_Driver/Src/stm32f4xx_hal.o
 .debug_macro   0x000000000001e331       0x7f Drivers/STM32F4xx_HAL_Driver/Src/stm32f4xx_hal.o
 .debug_macro   0x000000000001e3b0       0x89 Drivers/STM32F4xx_HAL_Driver/Src/stm32f4xx_hal.o
 .debug_macro   0x000000000001e439      0x134 Drivers/STM32F4xx_HAL_Driver/Src/stm32f4xx_hal.o
 .debug_macro   0x000000000001e56d      0x303 Drivers/STM32F4xx_HAL_Driver/Src/stm32f4xx_hal_cortex.o
 .debug_macro   0x000000000001e870      0x33b Drivers/STM32F4xx_HAL_Driver/Src/stm32f4xx_hal_gpio.o
 .debug_macro   0x000000000001ebab      0x327 Drivers/STM32F4xx_HAL_Driver/Src/stm32f4xx_hal_rcc.o
 .debug_macro   0x000000000001eed2      0x307 Src/main.o
 .debug_macro   0x000000000001f1d9      0x303 Src/stm32f4xx_hal_msp.o
 .debug_macro   0x000000000001f4dc      0x30d Src/stm32f4xx_it.o
 .debug_macro   0x000000000001f7e9      0x309 Src/system_stm32f4xx.o

.debug_line     0x0000000000000000     0x54db
 .debug_line    0x0000000000000000      0xae9 Drivers/STM32F4xx_HAL_Driver/Src/stm32f4xx_hal.o
 .debug_line    0x0000000000000ae9      0xbc8 Drivers/STM32F4xx_HAL_Driver/Src/stm32f4xx_hal_cortex.o
 .debug_line    0x00000000000016b1      0xbb0 Drivers/STM32F4xx_HAL_Driver/Src/stm32f4xx_hal_gpio.o
 .debug_line    0x0000000000002261      0xcb8 Drivers/STM32F4xx_HAL_Driver/Src/stm32f4xx_hal_rcc.o
 .debug_line    0x0000000000002f19      0x9b4 Src/main.o
 .debug_line    0x00000000000038cd      0x8f4 Src/stm32f4xx_hal_msp.o
 .debug_line    0x00000000000041c1      0x97d Src/stm32f4xx_it.o
 .debug_line    0x0000000000004b3e      0x91e Src/system_stm32f4xx.o
 .debug_line    0x000000000000545c       0x7f startup/startup_stm32f407xx.o

.debug_str      0x0000000000000000    0xbaa3c
 .debug_str     0x0000000000000000    0xb9ea6 Drivers/STM32F4xx_HAL_Driver/Src/stm32f4xx_hal.o
                                      0xba27a (size before relaxing)
 .debug_str     0x00000000000b9ea6      0x3ca Drivers/STM32F4xx_HAL_Driver/Src/stm32f4xx_hal_cortex.o
                                      0xb9fd0 (size before relaxing)
 .debug_str     0x00000000000ba270      0x287 Drivers/STM32F4xx_HAL_Driver/Src/stm32f4xx_hal_gpio.o
                                      0xb994f (size before relaxing)
 .debug_str     0x00000000000ba4f7      0x384 Drivers/STM32F4xx_HAL_Driver/Src/stm32f4xx_hal_rcc.o
                                      0xb9b19 (size before relaxing)
 .debug_str     0x00000000000ba87b       0x64 Src/main.o
                                      0xb9e50 (size before relaxing)
 .debug_str     0x00000000000ba8df       0x1b Src/stm32f4xx_hal_msp.o
                                      0xb9b8c (size before relaxing)
 .debug_str     0x00000000000ba8fa       0xb8 Src/stm32f4xx_it.o
                                      0xb961d (size before relaxing)
 .debug_str     0x00000000000ba9b2       0x5a Src/system_stm32f4xx.o
                                      0xb96fd (size before relaxing)
 .debug_str     0x00000000000baa0c       0x30 startup/startup_stm32f407xx.o
                                         0x80 (size before relaxing)

.comment        0x0000000000000000       0x7e
 .comment       0x0000000000000000       0x7e Drivers/STM32F4xx_HAL_Driver/Src/stm32f4xx_hal.o
                                         0x7f (size before relaxing)
 .comment       0x000000000000007e       0x7f Drivers/STM32F4xx_HAL_Driver/Src/stm32f4xx_hal_cortex.o
 .comment       0x000000000000007e       0x7f Drivers/STM32F4xx_HAL_Driver/Src/stm32f4xx_hal_gpio.o
 .comment       0x000000000000007e       0x7f Drivers/STM32F4xx_HAL_Driver/Src/stm32f4xx_hal_rcc.o
 .comment       0x000000000000007e       0x7f Src/main.o
 .comment       0x000000000000007e       0x7f Src/stm32f4xx_hal_msp.o
 .comment       0x000000000000007e       0x7f Src/stm32f4xx_it.o
 .comment       0x000000000000007e       0x7f Src/system_stm32f4xx.o

.debug_frame    0x0000000000000000      0xff8
 .debug_frame   0x0000000000000000      0x1cc Drivers/STM32F4xx_HAL_Driver/Src/stm32f4xx_hal.o
 .debug_frame   0x00000000000001cc      0x19c Drivers/STM32F4xx_HAL_Driver/Src/stm32f4xx_hal_cortex.o
 .debug_frame   0x0000000000000368       0xfc Drivers/STM32F4xx_HAL_Driver/Src/stm32f4xx_hal_gpio.o
 .debug_frame   0x0000000000000464      0x188 Drivers/STM32F4xx_HAL_Driver/Src/stm32f4xx_hal_rcc.o
 .debug_frame   0x00000000000005ec       0xb0 Src/main.o
 .debug_frame   0x000000000000069c       0x30 Src/stm32f4xx_hal_msp.o
 .debug_frame   0x00000000000006cc       0xa8 Src/stm32f4xx_it.o
 .debug_frame   0x0000000000000774       0x30 Src/system_stm32f4xx.o
 .debug_frame   0x00000000000007a4       0x2c /home/tine/.eclipse/org.eclipse.platform_4.7.3_1473617060_linux_gtk_x86_64/plugins/fr.ac6.mcu.externaltools.arm-none.linux64_1.16.0.201807130628/tools/compiler/bin/../lib/gcc/arm-none-eabi/7.2.1/thumb/v7e-m/fpv4-sp/hard/libgcc.a(_aeabi_uldivmod.o)
 .debug_frame   0x00000000000007d0       0x34 /home/tine/.eclipse/org.eclipse.platform_4.7.3_1473617060_linux_gtk_x86_64/plugins/fr.ac6.mcu.externaltools.arm-none.linux64_1.16.0.201807130628/tools/compiler/bin/../lib/gcc/arm-none-eabi/7.2.1/thumb/v7e-m/fpv4-sp/hard/libgcc.a(_udivmoddi4.o)
 .debug_frame   0x0000000000000804       0x2c /home/tine/.eclipse/org.eclipse.platform_4.7.3_1473617060_linux_gtk_x86_64/plugins/fr.ac6.mcu.externaltools.arm-none.linux64_1.16.0.201807130628/tools/compiler/bin/../lib/gcc/arm-none-eabi/7.2.1/../../../../arm-none-eabi/lib/thumb/v7e-m/fpv4-sp/hard/libc_nano.a(lib_a-init.o)
 .debug_frame   0x0000000000000830       0x20 /home/tine/.eclipse/org.eclipse.platform_4.7.3_1473617060_linux_gtk_x86_64/plugins/fr.ac6.mcu.externaltools.arm-none.linux64_1.16.0.201807130628/tools/compiler/bin/../lib/gcc/arm-none-eabi/7.2.1/../../../../arm-none-eabi/lib/thumb/v7e-m/fpv4-sp/hard/libc_nano.a(lib_a-memset.o)
 .debug_frame   0x0000000000000850       0x74 /home/tine/.eclipse/org.eclipse.platform_4.7.3_1473617060_linux_gtk_x86_64/plugins/fr.ac6.mcu.externaltools.arm-none.linux64_1.16.0.201807130628/tools/compiler/bin/../lib/gcc/arm-none-eabi/7.2.1/../../../../arm-none-eabi/lib/thumb/v7e-m/fpv4-sp/hard/libc_nano.a(lib_a-printf.o)
 .debug_frame   0x00000000000008c4      0x11c /home/tine/.eclipse/org.eclipse.platform_4.7.3_1473617060_linux_gtk_x86_64/plugins/fr.ac6.mcu.externaltools.arm-none.linux64_1.16.0.201807130628/tools/compiler/bin/../lib/gcc/arm-none-eabi/7.2.1/../../../../arm-none-eabi/lib/thumb/v7e-m/fpv4-sp/hard/libc_nano.a(lib_a-findfp.o)
 .debug_frame   0x00000000000009e0       0x54 /home/tine/.eclipse/org.eclipse.platform_4.7.3_1473617060_linux_gtk_x86_64/plugins/fr.ac6.mcu.externaltools.arm-none.linux64_1.16.0.201807130628/tools/compiler/bin/../lib/gcc/arm-none-eabi/7.2.1/../../../../arm-none-eabi/lib/thumb/v7e-m/fpv4-sp/hard/libc_nano.a(lib_a-fwalk.o)
 .debug_frame   0x0000000000000a34       0x2c /home/tine/.eclipse/org.eclipse.platform_4.7.3_1473617060_linux_gtk_x86_64/plugins/fr.ac6.mcu.externaltools.arm-none.linux64_1.16.0.201807130628/tools/compiler/bin/../lib/gcc/arm-none-eabi/7.2.1/../../../../arm-none-eabi/lib/thumb/v7e-m/fpv4-sp/hard/libc_nano.a(lib_a-nano-mallocr.o)
 .debug_frame   0x0000000000000a60       0xac /home/tine/.eclipse/org.eclipse.platform_4.7.3_1473617060_linux_gtk_x86_64/plugins/fr.ac6.mcu.externaltools.arm-none.linux64_1.16.0.201807130628/tools/compiler/bin/../lib/gcc/arm-none-eabi/7.2.1/../../../../arm-none-eabi/lib/thumb/v7e-m/fpv4-sp/hard/libc_nano.a(lib_a-nano-vfprintf.o)
 .debug_frame   0x0000000000000b0c       0x60 /home/tine/.eclipse/org.eclipse.platform_4.7.3_1473617060_linux_gtk_x86_64/plugins/fr.ac6.mcu.externaltools.arm-none.linux64_1.16.0.201807130628/tools/compiler/bin/../lib/gcc/arm-none-eabi/7.2.1/../../../../arm-none-eabi/lib/thumb/v7e-m/fpv4-sp/hard/libc_nano.a(lib_a-nano-vfprintf_i.o)
 .debug_frame   0x0000000000000b6c       0x2c /home/tine/.eclipse/org.eclipse.platform_4.7.3_1473617060_linux_gtk_x86_64/plugins/fr.ac6.mcu.externaltools.arm-none.linux64_1.16.0.201807130628/tools/compiler/bin/../lib/gcc/arm-none-eabi/7.2.1/../../../../arm-none-eabi/lib/thumb/v7e-m/fpv4-sp/hard/libc_nano.a(lib_a-sbrkr.o)
 .debug_frame   0x0000000000000b98       0x88 /home/tine/.eclipse/org.eclipse.platform_4.7.3_1473617060_linux_gtk_x86_64/plugins/fr.ac6.mcu.externaltools.arm-none.linux64_1.16.0.201807130628/tools/compiler/bin/../lib/gcc/arm-none-eabi/7.2.1/../../../../arm-none-eabi/lib/thumb/v7e-m/fpv4-sp/hard/libc_nano.a(lib_a-stdio.o)
 .debug_frame   0x0000000000000c20       0x40 /home/tine/.eclipse/org.eclipse.platform_4.7.3_1473617060_linux_gtk_x86_64/plugins/fr.ac6.mcu.externaltools.arm-none.linux64_1.16.0.201807130628/tools/compiler/bin/../lib/gcc/arm-none-eabi/7.2.1/../../../../arm-none-eabi/lib/thumb/v7e-m/fpv4-sp/hard/libc_nano.a(lib_a-wbuf.o)
 .debug_frame   0x0000000000000c60       0x2c /home/tine/.eclipse/org.eclipse.platform_4.7.3_1473617060_linux_gtk_x86_64/plugins/fr.ac6.mcu.externaltools.arm-none.linux64_1.16.0.201807130628/tools/compiler/bin/../lib/gcc/arm-none-eabi/7.2.1/../../../../arm-none-eabi/lib/thumb/v7e-m/fpv4-sp/hard/libc_nano.a(lib_a-writer.o)
 .debug_frame   0x0000000000000c8c       0x2c /home/tine/.eclipse/org.eclipse.platform_4.7.3_1473617060_linux_gtk_x86_64/plugins/fr.ac6.mcu.externaltools.arm-none.linux64_1.16.0.201807130628/tools/compiler/bin/../lib/gcc/arm-none-eabi/7.2.1/../../../../arm-none-eabi/lib/thumb/v7e-m/fpv4-sp/hard/libc_nano.a(lib_a-wsetup.o)
 .debug_frame   0x0000000000000cb8       0x2c /home/tine/.eclipse/org.eclipse.platform_4.7.3_1473617060_linux_gtk_x86_64/plugins/fr.ac6.mcu.externaltools.arm-none.linux64_1.16.0.201807130628/tools/compiler/bin/../lib/gcc/arm-none-eabi/7.2.1/../../../../arm-none-eabi/lib/thumb/v7e-m/fpv4-sp/hard/libc_nano.a(lib_a-closer.o)
 .debug_frame   0x0000000000000ce4       0x68 /home/tine/.eclipse/org.eclipse.platform_4.7.3_1473617060_linux_gtk_x86_64/plugins/fr.ac6.mcu.externaltools.arm-none.linux64_1.16.0.201807130628/tools/compiler/bin/../lib/gcc/arm-none-eabi/7.2.1/../../../../arm-none-eabi/lib/thumb/v7e-m/fpv4-sp/hard/libc_nano.a(lib_a-fflush.o)
 .debug_frame   0x0000000000000d4c       0x2c /home/tine/.eclipse/org.eclipse.platform_4.7.3_1473617060_linux_gtk_x86_64/plugins/fr.ac6.mcu.externaltools.arm-none.linux64_1.16.0.201807130628/tools/compiler/bin/../lib/gcc/arm-none-eabi/7.2.1/../../../../arm-none-eabi/lib/thumb/v7e-m/fpv4-sp/hard/libc_nano.a(lib_a-lseekr.o)
 .debug_frame   0x0000000000000d78       0x58 /home/tine/.eclipse/org.eclipse.platform_4.7.3_1473617060_linux_gtk_x86_64/plugins/fr.ac6.mcu.externaltools.arm-none.linux64_1.16.0.201807130628/tools/compiler/bin/../lib/gcc/arm-none-eabi/7.2.1/../../../../arm-none-eabi/lib/thumb/v7e-m/fpv4-sp/hard/libc_nano.a(lib_a-makebuf.o)
 .debug_frame   0x0000000000000dd0       0x30 /home/tine/.eclipse/org.eclipse.platform_4.7.3_1473617060_linux_gtk_x86_64/plugins/fr.ac6.mcu.externaltools.arm-none.linux64_1.16.0.201807130628/tools/compiler/bin/../lib/gcc/arm-none-eabi/7.2.1/../../../../arm-none-eabi/lib/thumb/v7e-m/fpv4-sp/hard/libc_nano.a(lib_a-mlock.o)
 .debug_frame   0x0000000000000e00       0x38 /home/tine/.eclipse/org.eclipse.platform_4.7.3_1473617060_linux_gtk_x86_64/plugins/fr.ac6.mcu.externaltools.arm-none.linux64_1.16.0.201807130628/tools/compiler/bin/../lib/gcc/arm-none-eabi/7.2.1/../../../../arm-none-eabi/lib/thumb/v7e-m/fpv4-sp/hard/libc_nano.a(lib_a-nano-freer.o)
 .debug_frame   0x0000000000000e38       0x2c /home/tine/.eclipse/org.eclipse.platform_4.7.3_1473617060_linux_gtk_x86_64/plugins/fr.ac6.mcu.externaltools.arm-none.linux64_1.16.0.201807130628/tools/compiler/bin/../lib/gcc/arm-none-eabi/7.2.1/../../../../arm-none-eabi/lib/thumb/v7e-m/fpv4-sp/hard/libc_nano.a(lib_a-readr.o)
 .debug_frame   0x0000000000000e64       0x5c /home/tine/.eclipse/org.eclipse.platform_4.7.3_1473617060_linux_gtk_x86_64/plugins/fr.ac6.mcu.externaltools.arm-none.linux64_1.16.0.201807130628/tools/compiler/bin/../lib/gcc/arm-none-eabi/7.2.1/../../../../arm-none-eabi/lib/thumb/v7e-m/fpv4-sp/hard/libc_nano.a(lib_a-reent.o)
 .debug_frame   0x0000000000000ec0       0x2c /home/tine/.eclipse/org.eclipse.platform_4.7.3_1473617060_linux_gtk_x86_64/plugins/fr.ac6.mcu.externaltools.arm-none.linux64_1.16.0.201807130628/tools/compiler/bin/../lib/gcc/arm-none-eabi/7.2.1/../../../../arm-none-eabi/lib/thumb/v7e-m/fpv4-sp/hard/libc_nano.a(lib_a-fstatr.o)
 .debug_frame   0x0000000000000eec       0x2c /home/tine/.eclipse/org.eclipse.platform_4.7.3_1473617060_linux_gtk_x86_64/plugins/fr.ac6.mcu.externaltools.arm-none.linux64_1.16.0.201807130628/tools/compiler/bin/../lib/gcc/arm-none-eabi/7.2.1/../../../../arm-none-eabi/lib/thumb/v7e-m/fpv4-sp/hard/libc_nano.a(lib_a-isattyr.o)
 .debug_frame   0x0000000000000f18       0x20 /home/tine/.eclipse/org.eclipse.platform_4.7.3_1473617060_linux_gtk_x86_64/plugins/fr.ac6.mcu.externaltools.arm-none.linux64_1.16.0.201807130628/tools/compiler/bin/../lib/gcc/arm-none-eabi/7.2.1/../../../../arm-none-eabi/lib/thumb/v7e-m/fpv4-sp/hard/libnosys.a(close.o)
 .debug_frame   0x0000000000000f38       0x20 /home/tine/.eclipse/org.eclipse.platform_4.7.3_1473617060_linux_gtk_x86_64/plugins/fr.ac6.mcu.externaltools.arm-none.linux64_1.16.0.201807130628/tools/compiler/bin/../lib/gcc/arm-none-eabi/7.2.1/../../../../arm-none-eabi/lib/thumb/v7e-m/fpv4-sp/hard/libnosys.a(fstat.o)
 .debug_frame   0x0000000000000f58       0x20 /home/tine/.eclipse/org.eclipse.platform_4.7.3_1473617060_linux_gtk_x86_64/plugins/fr.ac6.mcu.externaltools.arm-none.linux64_1.16.0.201807130628/tools/compiler/bin/../lib/gcc/arm-none-eabi/7.2.1/../../../../arm-none-eabi/lib/thumb/v7e-m/fpv4-sp/hard/libnosys.a(isatty.o)
 .debug_frame   0x0000000000000f78       0x20 /home/tine/.eclipse/org.eclipse.platform_4.7.3_1473617060_linux_gtk_x86_64/plugins/fr.ac6.mcu.externaltools.arm-none.linux64_1.16.0.201807130628/tools/compiler/bin/../lib/gcc/arm-none-eabi/7.2.1/../../../../arm-none-eabi/lib/thumb/v7e-m/fpv4-sp/hard/libnosys.a(lseek.o)
 .debug_frame   0x0000000000000f98       0x20 /home/tine/.eclipse/org.eclipse.platform_4.7.3_1473617060_linux_gtk_x86_64/plugins/fr.ac6.mcu.externaltools.arm-none.linux64_1.16.0.201807130628/tools/compiler/bin/../lib/gcc/arm-none-eabi/7.2.1/../../../../arm-none-eabi/lib/thumb/v7e-m/fpv4-sp/hard/libnosys.a(read.o)
 .debug_frame   0x0000000000000fb8       0x20 /home/tine/.eclipse/org.eclipse.platform_4.7.3_1473617060_linux_gtk_x86_64/plugins/fr.ac6.mcu.externaltools.arm-none.linux64_1.16.0.201807130628/tools/compiler/bin/../lib/gcc/arm-none-eabi/7.2.1/../../../../arm-none-eabi/lib/thumb/v7e-m/fpv4-sp/hard/libnosys.a(sbrk.o)
 .debug_frame   0x0000000000000fd8       0x20 /home/tine/.eclipse/org.eclipse.platform_4.7.3_1473617060_linux_gtk_x86_64/plugins/fr.ac6.mcu.externaltools.arm-none.linux64_1.16.0.201807130628/tools/compiler/bin/../lib/gcc/arm-none-eabi/7.2.1/../../../../arm-none-eabi/lib/thumb/v7e-m/fpv4-sp/hard/libnosys.a(write.o)

.stab           0x0000000000000000       0x9c
 .stab          0x0000000000000000       0x24 /home/tine/.eclipse/org.eclipse.platform_4.7.3_1473617060_linux_gtk_x86_64/plugins/fr.ac6.mcu.externaltools.arm-none.linux64_1.16.0.201807130628/tools/compiler/bin/../lib/gcc/arm-none-eabi/7.2.1/../../../../arm-none-eabi/lib/thumb/v7e-m/fpv4-sp/hard/libnosys.a(close.o)
 .stab          0x0000000000000024       0x18 /home/tine/.eclipse/org.eclipse.platform_4.7.3_1473617060_linux_gtk_x86_64/plugins/fr.ac6.mcu.externaltools.arm-none.linux64_1.16.0.201807130628/tools/compiler/bin/../lib/gcc/arm-none-eabi/7.2.1/../../../../arm-none-eabi/lib/thumb/v7e-m/fpv4-sp/hard/libnosys.a(fstat.o)
                                         0x24 (size before relaxing)
 .stab          0x000000000000003c       0x18 /home/tine/.eclipse/org.eclipse.platform_4.7.3_1473617060_linux_gtk_x86_64/plugins/fr.ac6.mcu.externaltools.arm-none.linux64_1.16.0.201807130628/tools/compiler/bin/../lib/gcc/arm-none-eabi/7.2.1/../../../../arm-none-eabi/lib/thumb/v7e-m/fpv4-sp/hard/libnosys.a(isatty.o)
                                         0x24 (size before relaxing)
 .stab          0x0000000000000054       0x18 /home/tine/.eclipse/org.eclipse.platform_4.7.3_1473617060_linux_gtk_x86_64/plugins/fr.ac6.mcu.externaltools.arm-none.linux64_1.16.0.201807130628/tools/compiler/bin/../lib/gcc/arm-none-eabi/7.2.1/../../../../arm-none-eabi/lib/thumb/v7e-m/fpv4-sp/hard/libnosys.a(lseek.o)
                                         0x24 (size before relaxing)
 .stab          0x000000000000006c       0x18 /home/tine/.eclipse/org.eclipse.platform_4.7.3_1473617060_linux_gtk_x86_64/plugins/fr.ac6.mcu.externaltools.arm-none.linux64_1.16.0.201807130628/tools/compiler/bin/../lib/gcc/arm-none-eabi/7.2.1/../../../../arm-none-eabi/lib/thumb/v7e-m/fpv4-sp/hard/libnosys.a(read.o)
                                         0x24 (size before relaxing)
 .stab          0x0000000000000084       0x18 /home/tine/.eclipse/org.eclipse.platform_4.7.3_1473617060_linux_gtk_x86_64/plugins/fr.ac6.mcu.externaltools.arm-none.linux64_1.16.0.201807130628/tools/compiler/bin/../lib/gcc/arm-none-eabi/7.2.1/../../../../arm-none-eabi/lib/thumb/v7e-m/fpv4-sp/hard/libnosys.a(write.o)
                                         0x24 (size before relaxing)

.stabstr        0x0000000000000000      0x14d
 .stabstr       0x0000000000000000      0x14d /home/tine/.eclipse/org.eclipse.platform_4.7.3_1473617060_linux_gtk_x86_64/plugins/fr.ac6.mcu.externaltools.arm-none.linux64_1.16.0.201807130628/tools/compiler/bin/../lib/gcc/arm-none-eabi/7.2.1/../../../../arm-none-eabi/lib/thumb/v7e-m/fpv4-sp/hard/libnosys.a(close.o)
